Archive member included to satisfy reference by file (symbol)

/usr/lib/gcc/arm-none-eabi/13.2.0/../../../../arm-none-eabi/lib/thumb/v6-m/nofp/libstdc++.a(functexcept.o)
                              CMakeFiles/main.dir/main.cpp.obj (std::__throw_length_error(char const*))
/usr/lib/gcc/arm-none-eabi/13.2.0/../../../../arm-none-eabi/lib/thumb/v6-m/nofp/libstdc++.a(snprintf_lite.o)
                              /usr/lib/gcc/arm-none-eabi/13.2.0/../../../../arm-none-eabi/lib/thumb/v6-m/nofp/libstdc++.a(functexcept.o) (__gnu_cxx::__snprintf_lite(char*, unsigned int, char const*, std::__va_list))
/usr/lib/gcc/arm-none-eabi/13.2.0/../../../../arm-none-eabi/lib/thumb/v6-m/nofp/libstdc++.a(bad_alloc.o)
                              /usr/lib/gcc/arm-none-eabi/13.2.0/../../../../arm-none-eabi/lib/thumb/v6-m/nofp/libstdc++.a(functexcept.o) (vtable for std::bad_alloc)
/usr/lib/gcc/arm-none-eabi/13.2.0/../../../../arm-none-eabi/lib/thumb/v6-m/nofp/libstdc++.a(bad_array_new.o)
                              /usr/lib/gcc/arm-none-eabi/13.2.0/../../../../arm-none-eabi/lib/thumb/v6-m/nofp/libstdc++.a(functexcept.o) (vtable for std::bad_array_new_length)
/usr/lib/gcc/arm-none-eabi/13.2.0/../../../../arm-none-eabi/lib/thumb/v6-m/nofp/libstdc++.a(bad_cast.o)
                              /usr/lib/gcc/arm-none-eabi/13.2.0/../../../../arm-none-eabi/lib/thumb/v6-m/nofp/libstdc++.a(functexcept.o) (vtable for std::bad_cast)
/usr/lib/gcc/arm-none-eabi/13.2.0/../../../../arm-none-eabi/lib/thumb/v6-m/nofp/libstdc++.a(bad_typeid.o)
                              /usr/lib/gcc/arm-none-eabi/13.2.0/../../../../arm-none-eabi/lib/thumb/v6-m/nofp/libstdc++.a(functexcept.o) (vtable for std::bad_typeid)
/usr/lib/gcc/arm-none-eabi/13.2.0/../../../../arm-none-eabi/lib/thumb/v6-m/nofp/libstdc++.a(eh_alloc.o)
                              /usr/lib/gcc/arm-none-eabi/13.2.0/../../../../arm-none-eabi/lib/thumb/v6-m/nofp/libstdc++.a(functexcept.o) (__cxa_allocate_exception)
/usr/lib/gcc/arm-none-eabi/13.2.0/../../../../arm-none-eabi/lib/thumb/v6-m/nofp/libstdc++.a(eh_arm.o)
                              /usr/lib/gcc/arm-none-eabi/13.2.0/../../../../arm-none-eabi/lib/thumb/v6-m/nofp/libstdc++.a(functexcept.o) (__cxa_end_cleanup)
/usr/lib/gcc/arm-none-eabi/13.2.0/../../../../arm-none-eabi/lib/thumb/v6-m/nofp/libstdc++.a(eh_exception.o)
                              /usr/lib/gcc/arm-none-eabi/13.2.0/../../../../arm-none-eabi/lib/thumb/v6-m/nofp/libstdc++.a(bad_alloc.o) (std::exception::~exception())
/usr/lib/gcc/arm-none-eabi/13.2.0/../../../../arm-none-eabi/lib/thumb/v6-m/nofp/libstdc++.a(eh_globals.o)
                              /usr/lib/gcc/arm-none-eabi/13.2.0/../../../../arm-none-eabi/lib/thumb/v6-m/nofp/libstdc++.a(eh_arm.o) (__cxa_get_globals)
/usr/lib/gcc/arm-none-eabi/13.2.0/../../../../arm-none-eabi/lib/thumb/v6-m/nofp/libstdc++.a(eh_personality.o)
                              /usr/lib/gcc/arm-none-eabi/13.2.0/../../../../arm-none-eabi/lib/thumb/v6-m/nofp/libstdc++.a(functexcept.o) (__gxx_personality_v0)
/usr/lib/gcc/arm-none-eabi/13.2.0/../../../../arm-none-eabi/lib/thumb/v6-m/nofp/libstdc++.a(eh_terminate.o)
                              /usr/lib/gcc/arm-none-eabi/13.2.0/../../../../arm-none-eabi/lib/thumb/v6-m/nofp/libstdc++.a(eh_alloc.o) (std::terminate())
/usr/lib/gcc/arm-none-eabi/13.2.0/../../../../arm-none-eabi/lib/thumb/v6-m/nofp/libstdc++.a(eh_throw.o)
                              /usr/lib/gcc/arm-none-eabi/13.2.0/../../../../arm-none-eabi/lib/thumb/v6-m/nofp/libstdc++.a(functexcept.o) (__cxa_throw)
/usr/lib/gcc/arm-none-eabi/13.2.0/../../../../arm-none-eabi/lib/thumb/v6-m/nofp/libstdc++.a(eh_unex_handler.o)
                              /usr/lib/gcc/arm-none-eabi/13.2.0/../../../../arm-none-eabi/lib/thumb/v6-m/nofp/libstdc++.a(eh_terminate.o) (__cxxabiv1::__unexpected_handler)
/usr/lib/gcc/arm-none-eabi/13.2.0/../../../../arm-none-eabi/lib/thumb/v6-m/nofp/libstdc++.a(si_class_type_info.o)
                              /usr/lib/gcc/arm-none-eabi/13.2.0/../../../../arm-none-eabi/lib/thumb/v6-m/nofp/libstdc++.a(bad_alloc.o) (vtable for __cxxabiv1::__si_class_type_info)
/usr/lib/gcc/arm-none-eabi/13.2.0/../../../../arm-none-eabi/lib/thumb/v6-m/nofp/libstdc++.a(tinfo.o)
                              /usr/lib/gcc/arm-none-eabi/13.2.0/../../../../arm-none-eabi/lib/thumb/v6-m/nofp/libstdc++.a(si_class_type_info.o) (std::type_info::__is_pointer_p() const)
/usr/lib/gcc/arm-none-eabi/13.2.0/../../../../arm-none-eabi/lib/thumb/v6-m/nofp/libstdc++.a(vterminate.o)
                              /usr/lib/gcc/arm-none-eabi/13.2.0/../../../../arm-none-eabi/lib/thumb/v6-m/nofp/libstdc++.a(eh_terminate.o) (__gnu_cxx::__verbose_terminate_handler())
/usr/lib/gcc/arm-none-eabi/13.2.0/../../../../arm-none-eabi/lib/thumb/v6-m/nofp/libstdc++.a(stdexcept.o)
                              /usr/lib/gcc/arm-none-eabi/13.2.0/../../../../arm-none-eabi/lib/thumb/v6-m/nofp/libstdc++.a(functexcept.o) (std::runtime_error::~runtime_error())
[...]
Memory Configuration

Name             Origin             Length             Attributes
FLASH            0x10000000         0x00200000         xr
RAM              0x20000000         0x00040000         xrw
SCRATCH_X        0x20040000         0x00001000         xrw
SCRATCH_Y        0x20041000         0x00001000         xrw
*default*        0x00000000         0xffffffff

Linker script and memory map

LOAD /usr/lib/gcc/arm-none-eabi/13.2.0/thumb/v6-m/nofp/crti.o
LOAD /usr/lib/gcc/arm-none-eabi/13.2.0/thumb/v6-m/nofp/crtbegin.o
LOAD /usr/lib/gcc/arm-none-eabi/13.2.0/../../../../arm-none-eabi/lib/thumb/v6-m/nofp/crt0.o

.flash_begin    0x10000000        0x0
                0x10000000                        __flash_binary_start = .

.boot2          0x10000000      0x100
                0x10000000                        __boot2_start__ = .
 *(.boot2)
 .boot2         0x10000000      0x100 /tmp/ccN2MnHW.o
                0x10000100                        __boot2_end__ = .
                0x00000001                        ASSERT (((__boot2_end__ - __boot2_start__) == 0x100), ERROR: Pico second stage bootloader must be 256 bytes in size)

.text           0x10000100    0x11b80
                0x10000100                        __logical_binary_start = .
 *(.vectors)
 .vectors       0x10000100       0xd4 CMakeFiles/main.dir/home/lkieslich/dev/pico-sdk/src/rp2_common/pico_standard_link/crt0.S.obj
                0x10000100                __vectors
                0x10000100                __VECTOR_TABLE
                0x100001c0                isr_invalid
                0x100001c0                __default_isrs_start
                0x100001c2                isr_nmi
                0x100001c4                isr_hardfault
                0x100001c6                isr_svcall
                0x100001c8                isr_pendsv
                0x100001ca                isr_systick
                0x100001cc                isr_irq30
                0x100001cc                __unhandled_user_irq
                0x100001cc                isr_irq13
                0x100001cc                isr_irq27
                0x100001cc                isr_irq31
                0x100001cc                isr_irq5
                0x100001cc                isr_irq11
                0x100001cc                isr_irq23
                0x100001cc                isr_irq18
                0x100001cc                isr_irq28
                0x100001cc                isr_irq19
                0x100001cc                isr_irq0
                0x100001cc                isr_irq6
                0x100001cc                isr_irq22
                0x100001cc                isr_irq17
                0x100001cc                isr_irq14
                0x100001cc                isr_irq2
                0x100001cc                isr_irq10
                0x100001cc                isr_irq8
                0x100001cc                isr_irq24
                0x100001cc                isr_irq1
                0x100001cc                isr_irq7
                0x100001cc                isr_irq21
                0x100001cc                isr_irq20
                0x100001cc                isr_irq15
                0x100001cc                isr_irq25
                0x100001cc                isr_irq4
                0x100001cc                isr_irq16
                0x100001cc                isr_irq29
                0x100001cc                isr_irq26
                0x100001cc                __default_isrs_end
                0x100001cc                isr_irq3
                0x100001cc                isr_irq12
                0x100001cc                isr_irq9
                0x100001d2                unhandled_user_irq_num_in_r0
 *(.binary_info_header)
 .binary_info_header
                0x100001d4       0x14 CMakeFiles/main.dir/home/lkieslich/dev/pico-sdk/src/rp2_common/pico_standard_link/crt0.S.obj
                0x100001e8                        __binary_info_header_end = .
 *(.reset)
 .reset         0x100001e8       0xa0 CMakeFiles/main.dir/home/lkieslich/dev/pico-sdk/src/rp2_common/pico_standard_link/crt0.S.obj
                0x100001e8                _entry_point
 .reset         0x10000288       0x30 CMakeFiles/main.dir/home/lkieslich/dev/pico-sdk/src/rp2_common/pico_standard_link/binary_info.c.obj
 *(.init)
 .init          0x100002b8        0x4 /usr/lib/gcc/arm-none-eabi/13.2.0/thumb/v6-m/nofp/crti.o
                0x100002b8                _init
 *(EXCLUDE_FILE(*libm.a: *libc.a:*lib_a-mem*.o *libgcc.a:) .text*)
 .text          0x100002bc       0x98 /usr/lib/gcc/arm-none-eabi/13.2.0/thumb/v6-m/nofp/crtbegin.o
 .text._ZN19ForwardStepperMotorD2Ev
                0x10000354        0x4 CMakeFiles/main.dir/main.cpp.obj
                0x10000354                ForwardStepperMotor::~ForwardStepperMotor()
                0x10000354                ForwardStepperMotor::~ForwardStepperMotor()
 .text._ZN20BackwardStepperMotorD2Ev
                0x10000358        0x4 CMakeFiles/main.dir/main.cpp.obj
                0x10000358                BackwardStepperMotor::~BackwardStepperMotor()
                0x10000358                BackwardStepperMotor::~BackwardStepperMotor()
 .text._ZN20BackwardStepperMotor4moveEii
                0x1000035c       0xd4 CMakeFiles/main.dir/main.cpp.obj
                0x1000035c                BackwardStepperMotor::move(int, int)
 .text._ZN19ForwardStepperMotor4moveEii
                0x10000430       0xd4 CMakeFiles/main.dir/main.cpp.obj
                0x10000430                ForwardStepperMotor::move(int, int)
 .text._ZN19ForwardStepperMotorD0Ev
                0x10000504       0x10 CMakeFiles/main.dir/main.cpp.obj
                0x10000504                ForwardStepperMotor::~ForwardStepperMotor()
 .text._ZN20BackwardStepperMotorD0Ev
                0x10000514       0x10 CMakeFiles/main.dir/main.cpp.obj
                0x10000514                BackwardStepperMotor::~BackwardStepperMotor()
 .text._ZN10LDR_analogC2Eii
                0x10000524       0x54 CMakeFiles/main.dir/main.cpp.obj
                0x10000524                LDR_analog::LDR_analog(int, int)
                0x10000524                LDR_analog::LDR_analog(int, int)
 .text._ZN12StepperMotorIiEC2Eiiii
                0x10000578       0x60 CMakeFiles/main.dir/main.cpp.obj
                0x10000578                StepperMotor<int>::StepperMotor(int, int, int, int)
                0x10000578                StepperMotor<int>::StepperMotor(int, int, int, int)
 .text._ZNSt6vectorIfSaIfEE17_M_realloc_insertIJRKfEEEvN9__gnu_cxx17__normal_iteratorIPfS1_EEDpOT_
                0x100005d8       0xf0 CMakeFiles/main.dir/main.cpp.obj
                0x100005d8                void std::vector<float, std::allocator<float> >::_M_realloc_insert<float const&>(__gnu_cxx::__normal_iterator<float*, std::vector<float, std::allocator<float> > >, float const&)
 .text._ZNSt6vectorIiSaIiEE17_M_realloc_insertIJiEEEvN9__gnu_cxx17__normal_iteratorIPiS1_EEDpOT_
                0x100006c8       0xf0 CMakeFiles/main.dir/main.cpp.obj
                0x100006c8                void std::vector<int, std::allocator<int> >::_M_realloc_insert<int>(__gnu_cxx::__normal_iterator<int*, std::vector<int, std::allocator<int> > >, int&&)
 .text.startup.main
                0x100007b8      0x3d0 CMakeFiles/main.dir/main.cpp.obj
                0x100007b8                main
 .text.startup._GLOBAL__sub_I_listaVoltage1
                0x10000b88       0x2c CMakeFiles/main.dir/main.cpp.obj
 .text.gpio_set_function
                0x10000bb4       0x30 CMakeFiles/main.dir/home/lkieslich/dev/pico-sdk/src/rp2_common/hardware_gpio/gpio.c.obj
                0x10000bb4                gpio_set_function
 .text.gpio_set_pulls
                0x10000be4       0x24 CMakeFiles/main.dir/home/lkieslich/dev/pico-sdk/src/rp2_common/hardware_gpio/gpio.c.obj
                0x10000be4                gpio_set_pulls
 .text.gpio_set_input_enabled
                0x10000c08       0x28 CMakeFiles/main.dir/home/lkieslich/dev/pico-sdk/src/rp2_common/hardware_gpio/gpio.c.obj
                0x10000c08                gpio_set_input_enabled
 .text.gpio_init
                0x10000c30       0x3c CMakeFiles/main.dir/home/lkieslich/dev/pico-sdk/src/rp2_common/hardware_gpio/gpio.c.obj
                0x10000c30                gpio_init
 .text.running_on_fpga
                0x10000c6c       0x10 CMakeFiles/main.dir/home/lkieslich/dev/pico-sdk/src/rp2_common/pico_platform/platform.c.obj
                0x10000c6c                running_on_fpga
 .text.hw_claim_or_assert
                0x10000c7c       0x44 CMakeFiles/main.dir/home/lkieslich/dev/pico-sdk/src/rp2_common/hardware_claim/claim.c.obj
                0x10000c7c                hw_claim_or_assert
 .text.hw_claim_unused_from_range
                0x10000cc0       0x9c CMakeFiles/main.dir/home/lkieslich/dev/pico-sdk/src/rp2_common/hardware_claim/claim.c.obj
                0x10000cc0                hw_claim_unused_from_range
 .text.spin_locks_reset
                0x10000d5c       0x1c CMakeFiles/main.dir/home/lkieslich/dev/pico-sdk/src/rp2_common/hardware_sync/sync.c.obj
                0x10000d5c                spin_locks_reset
 .text.next_striped_spin_lock_num
                0x10000d78       0x18 CMakeFiles/main.dir/home/lkieslich/dev/pico-sdk/src/rp2_common/hardware_sync/sync.c.obj
                0x10000d78                next_striped_spin_lock_num
 .text.spin_lock_claim_unused
                0x10000d90       0x24 CMakeFiles/main.dir/home/lkieslich/dev/pico-sdk/src/rp2_common/hardware_sync/sync.c.obj
                0x10000d90                spin_lock_claim_unused
 .text.irq_set_enabled
                0x10000db4       0x24 CMakeFiles/main.dir/home/lkieslich/dev/pico-sdk/src/rp2_common/hardware_irq/irq.c.obj
                0x10000db4                irq_set_enabled
 .text.irq_set_pending
                0x10000dd8       0x10 CMakeFiles/main.dir/home/lkieslich/dev/pico-sdk/src/rp2_common/hardware_irq/irq.c.obj
                0x10000dd8                irq_set_pending
 .text.irq_has_shared_handler
                0x10000de8       0x2c CMakeFiles/main.dir/home/lkieslich/dev/pico-sdk/src/rp2_common/hardware_irq/irq.c.obj
                0x10000de8                irq_has_shared_handler
 .text.irq_get_vtable_handler
                0x10000e14       0x10 CMakeFiles/main.dir/home/lkieslich/dev/pico-sdk/src/rp2_common/hardware_irq/irq.c.obj
                0x10000e14                irq_get_vtable_handler
 .text.irq_set_exclusive_handler
                0x10000e24       0x54 CMakeFiles/main.dir/home/lkieslich/dev/pico-sdk/src/rp2_common/hardware_irq/irq.c.obj
                0x10000e24                irq_set_exclusive_handler
 .text.irq_add_shared_handler
                0x10000e78      0x1f4 CMakeFiles/main.dir/home/lkieslich/dev/pico-sdk/src/rp2_common/hardware_irq/irq.c.obj
                0x10000e78                irq_add_shared_handler
 .text.irq_remove_handler
                0x1000106c      0x1c4 CMakeFiles/main.dir/home/lkieslich/dev/pico-sdk/src/rp2_common/hardware_irq/irq.c.obj
                0x1000106c                irq_remove_handler
 .text.irq_add_tail_to_free_list
                0x10001230       0xb4 CMakeFiles/main.dir/home/lkieslich/dev/pico-sdk/src/rp2_common/hardware_irq/irq.c.obj
                0x10001230                irq_add_tail_to_free_list
 .text.irq_init_priorities
                0x100012e4       0x24 CMakeFiles/main.dir/home/lkieslich/dev/pico-sdk/src/rp2_common/hardware_irq/irq.c.obj
                0x100012e4                irq_init_priorities
 .text.user_irq_claim_unused
                0x10001308       0x2c CMakeFiles/main.dir/home/lkieslich/dev/pico-sdk/src/rp2_common/hardware_irq/irq.c.obj
                0x10001308                user_irq_claim_unused
 .text.lock_init
                0x10001334       0x10 CMakeFiles/main.dir/home/lkieslich/dev/pico-sdk/src/common/pico_sync/lock_core.c.obj
                0x10001334                lock_init
 .text.mutex_init
                0x10001344       0x1c CMakeFiles/main.dir/home/lkieslich/dev/pico-sdk/src/common/pico_sync/mutex.c.obj
                0x10001344                mutex_init
 .text.recursive_mutex_init
                0x10001360       0x1c CMakeFiles/main.dir/home/lkieslich/dev/pico-sdk/src/common/pico_sync/mutex.c.obj
                0x10001360                recursive_mutex_init
 .text.critical_section_init
                0x1000137c       0x1c CMakeFiles/main.dir/home/lkieslich/dev/pico-sdk/src/common/pico_sync/critical_section.c.obj
                0x1000137c                critical_section_init
 .text.critical_section_init_with_lock_num
                0x10001398       0x14 CMakeFiles/main.dir/home/lkieslich/dev/pico-sdk/src/common/pico_sync/critical_section.c.obj
                0x10001398                critical_section_init_with_lock_num
 .text.timer_pool_entry_comparator
                0x100013ac       0x34 CMakeFiles/main.dir/home/lkieslich/dev/pico-sdk/src/common/pico_time/time.c.obj
                0x100013ac                timer_pool_entry_comparator
 .text.sleep_until_callback
                0x100013e0       0x30 CMakeFiles/main.dir/home/lkieslich/dev/pico-sdk/src/common/pico_time/time.c.obj
 .text.add_alarm_under_lock.isra.0
                0x10001410      0x100 CMakeFiles/main.dir/home/lkieslich/dev/pico-sdk/src/common/pico_time/time.c.obj
 .text.alarm_pool_alarm_callback
                0x10001510      0x1c0 CMakeFiles/main.dir/home/lkieslich/dev/pico-sdk/src/common/pico_time/time.c.obj
 .text.alarm_pool_init_default
                0x100016d0       0x6c CMakeFiles/main.dir/home/lkieslich/dev/pico-sdk/src/common/pico_time/time.c.obj
                0x100016d0                alarm_pool_init_default
 .text.alarm_pool_get_default
                0x1000173c        0x8 CMakeFiles/main.dir/home/lkieslich/dev/pico-sdk/src/common/pico_time/time.c.obj
                0x1000173c                alarm_pool_get_default
 .text.alarm_pool_add_alarm_at
                0x10001744      0x17c CMakeFiles/main.dir/home/lkieslich/dev/pico-sdk/src/common/pico_time/time.c.obj
                0x10001744                alarm_pool_add_alarm_at
 .text.alarm_pool_core_num
                0x100018c0        0x4 CMakeFiles/main.dir/home/lkieslich/dev/pico-sdk/src/common/pico_time/time.c.obj
                0x100018c0                alarm_pool_core_num
 .text.sleep_until
                0x100018c4       0xc4 CMakeFiles/main.dir/home/lkieslich/dev/pico-sdk/src/common/pico_time/time.c.obj
                0x100018c4                sleep_until
 .text.sleep_ms
                0x10001988       0x38 CMakeFiles/main.dir/home/lkieslich/dev/pico-sdk/src/common/pico_time/time.c.obj
                0x10001988                sleep_ms
 .text.best_effort_wfe_or_timeout
                0x100019c0       0xcc CMakeFiles/main.dir/home/lkieslich/dev/pico-sdk/src/common/pico_time/time.c.obj
                0x100019c0                best_effort_wfe_or_timeout
 .text.hardware_alarm_irq_handler
                0x10001a8c       0xbc CMakeFiles/main.dir/home/lkieslich/dev/pico-sdk/src/rp2_common/hardware_timer/timer.c.obj
 .text.hardware_alarm_claim
                0x10001b48       0x18 CMakeFiles/main.dir/home/lkieslich/dev/pico-sdk/src/rp2_common/hardware_timer/timer.c.obj
                0x10001b48                hardware_alarm_claim
 .text.time_us_64
                0x10001b60       0x14 CMakeFiles/main.dir/home/lkieslich/dev/pico-sdk/src/rp2_common/hardware_timer/timer.c.obj
                0x10001b60                time_us_64
 .text.busy_wait_us
                0x10001b74       0x68 CMakeFiles/main.dir/home/lkieslich/dev/pico-sdk/src/rp2_common/hardware_timer/timer.c.obj
                0x10001b74                busy_wait_us
 .text.busy_wait_until
                0x10001bdc       0x20 CMakeFiles/main.dir/home/lkieslich/dev/pico-sdk/src/rp2_common/hardware_timer/timer.c.obj
                0x10001bdc                busy_wait_until
 .text.hardware_alarm_set_callback
                0x10001bfc       0x8c CMakeFiles/main.dir/home/lkieslich/dev/pico-sdk/src/rp2_common/hardware_timer/timer.c.obj
                0x10001bfc                hardware_alarm_set_callback
 .text.hardware_alarm_set_target
                0x10001c88       0xd0 CMakeFiles/main.dir/home/lkieslich/dev/pico-sdk/src/rp2_common/hardware_timer/timer.c.obj
                0x10001c88                hardware_alarm_set_target
 .text.hardware_alarm_cancel
                0x10001d58       0x3c CMakeFiles/main.dir/home/lkieslich/dev/pico-sdk/src/rp2_common/hardware_timer/timer.c.obj
                0x10001d58                hardware_alarm_cancel
 .text.ph_merge_nodes
                0x10001d94       0x58 CMakeFiles/main.dir/home/lkieslich/dev/pico-sdk/src/common/pico_util/pheap.c.obj
 .text.ph_post_alloc_init
                0x10001dec       0x3c CMakeFiles/main.dir/home/lkieslich/dev/pico-sdk/src/common/pico_util/pheap.c.obj
                0x10001dec                ph_post_alloc_init
 .text.ph_merge_two_pass
                0x10001e28       0x8c CMakeFiles/main.dir/home/lkieslich/dev/pico-sdk/src/common/pico_util/pheap.c.obj
                0x10001e28                ph_merge_two_pass
 .text.ph_remove_any_head
                0x10001eb4      0x100 CMakeFiles/main.dir/home/lkieslich/dev/pico-sdk/src/common/pico_util/pheap.c.obj
 .text.ph_remove_head
                0x10001fb4      0x104 CMakeFiles/main.dir/home/lkieslich/dev/pico-sdk/src/common/pico_util/pheap.c.obj
                0x10001fb4                ph_remove_head
 .text.ph_remove_and_free_node
                0x100020b8       0x78 CMakeFiles/main.dir/home/lkieslich/dev/pico-sdk/src/common/pico_util/pheap.c.obj
                0x100020b8                ph_remove_and_free_node
 .text.uart_init
                0x10002130      0x18c CMakeFiles/main.dir/home/lkieslich/dev/pico-sdk/src/rp2_common/hardware_uart/uart.c.obj
                0x10002130                uart_init
 .text.uart_set_format
                0x100022bc       0x7c CMakeFiles/main.dir/home/lkieslich/dev/pico-sdk/src/rp2_common/hardware_uart/uart.c.obj
                0x100022bc                uart_set_format
 .text.clocks_init
                0x10002338      0x2c8 CMakeFiles/main.dir/home/lkieslich/dev/pico-sdk/src/rp2_common/hardware_clocks/clocks.c.obj
                0x10002338                clocks_init
 .text.clock_get_hz
                0x10002600        0xc CMakeFiles/main.dir/home/lkieslich/dev/pico-sdk/src/rp2_common/hardware_clocks/clocks.c.obj
                0x10002600                clock_get_hz
 .text.pll_init
                0x1000260c       0xa4 CMakeFiles/main.dir/home/lkieslich/dev/pico-sdk/src/rp2_common/hardware_pll/pll.c.obj
                0x1000260c                pll_init
 .text.watchdog_start_tick
                0x100026b0       0x10 CMakeFiles/main.dir/home/lkieslich/dev/pico-sdk/src/rp2_common/hardware_watchdog/watchdog.c.obj
                0x100026b0                watchdog_start_tick
 .text.watchdog_reboot
                0x100026c0       0x9c CMakeFiles/main.dir/home/lkieslich/dev/pico-sdk/src/rp2_common/hardware_watchdog/watchdog.c.obj
                0x100026c0                watchdog_reboot
 .text.xosc_init
                0x1000275c       0x28 CMakeFiles/main.dir/home/lkieslich/dev/pico-sdk/src/rp2_common/hardware_xosc/xosc.c.obj
                0x1000275c                xosc_init
 .text.runtime_init
                0x10002784       0xf0 CMakeFiles/main.dir/home/lkieslich/dev/pico-sdk/src/rp2_common/pico_runtime/runtime.c.obj
                0x10002784                runtime_init
 .text._exit    0x10002874        0x4 CMakeFiles/main.dir/home/lkieslich/dev/pico-sdk/src/rp2_common/pico_runtime/runtime.c.obj
                0x10002874                _exit
 .text._sbrk    0x10002878       0x34 CMakeFiles/main.dir/home/lkieslich/dev/pico-sdk/src/rp2_common/pico_runtime/runtime.c.obj
                0x10002878                _sbrk
 .text._getpid  0x100028ac        0x4 CMakeFiles/main.dir/home/lkieslich/dev/pico-sdk/src/rp2_common/pico_runtime/runtime.c.obj
                0x100028ac                _getpid
 .text._kill    0x100028b0        0x8 CMakeFiles/main.dir/home/lkieslich/dev/pico-sdk/src/rp2_common/pico_runtime/runtime.c.obj
                0x100028b0                _kill
 .text.exit     0x100028b8        0x8 CMakeFiles/main.dir/home/lkieslich/dev/pico-sdk/src/rp2_common/pico_runtime/runtime.c.obj
                0x100028b8                exit
 .text.panic    0x100028c0       0x30 CMakeFiles/main.dir/home/lkieslich/dev/pico-sdk/src/rp2_common/pico_runtime/runtime.c.obj
                0x100028c0                panic
 .text.hard_assertion_failure
                0x100028f0        0xc CMakeFiles/main.dir/home/lkieslich/dev/pico-sdk/src/rp2_common/pico_runtime/runtime.c.obj
                0x100028f0                hard_assertion_failure
 .text._out_buffer
                0x100028fc        0x8 CMakeFiles/main.dir/home/lkieslich/dev/pico-sdk/src/rp2_common/pico_printf/printf.c.obj
 .text._out_null
                0x10002904        0x4 CMakeFiles/main.dir/home/lkieslich/dev/pico-sdk/src/rp2_common/pico_printf/printf.c.obj
 .text._out_rev
                0x10002908       0xac CMakeFiles/main.dir/home/lkieslich/dev/pico-sdk/src/rp2_common/pico_printf/printf.c.obj
 .text._ntoa_format
                0x100029b4      0x250 CMakeFiles/main.dir/home/lkieslich/dev/pico-sdk/src/rp2_common/pico_printf/printf.c.obj
 .text._out_char
                0x10002c04       0x10 CMakeFiles/main.dir/home/lkieslich/dev/pico-sdk/src/rp2_common/pico_printf/printf.c.obj
 .text._out_fct
                0x10002c14       0x10 CMakeFiles/main.dir/home/lkieslich/dev/pico-sdk/src/rp2_common/pico_printf/printf.c.obj
 .text._etoa    0x10002c24      0x464 CMakeFiles/main.dir/home/lkieslich/dev/pico-sdk/src/rp2_common/pico_printf/printf.c.obj
 .text._ftoa    0x10003088      0x3c0 CMakeFiles/main.dir/home/lkieslich/dev/pico-sdk/src/rp2_common/pico_printf/printf.c.obj
 .text._vsnprintf
                0x10003448      0xbc8 CMakeFiles/main.dir/home/lkieslich/dev/pico-sdk/src/rp2_common/pico_printf/printf.c.obj
 .text.__wrap_sprintf
                0x10004010       0x2c CMakeFiles/main.dir/home/lkieslich/dev/pico-sdk/src/rp2_common/pico_printf/printf.c.obj
                0x10004010                __wrap_sprintf
 .text.vfctprintf
                0x1000403c       0x20 CMakeFiles/main.dir/home/lkieslich/dev/pico-sdk/src/rp2_common/pico_printf/printf.c.obj
                0x1000403c                vfctprintf
 .text.weak_raw_vprintf
                0x1000405c       0x30 CMakeFiles/main.dir/home/lkieslich/dev/pico-sdk/src/rp2_common/pico_printf/printf.c.obj
                0x1000405c                weak_raw_vprintf
 .text          0x1000408c       0x10 CMakeFiles/main.dir/home/lkieslich/dev/pico-sdk/src/rp2_common/pico_bit_ops/bit_ops_aeabi.S.obj
 .text.rom_func_lookup
                0x1000409c       0x10 CMakeFiles/main.dir/home/lkieslich/dev/pico-sdk/src/rp2_common/pico_bootrom/bootrom.c.obj
                0x1000409c                rom_func_lookup
 .text.rom_data_lookup
                0x100040ac       0x10 CMakeFiles/main.dir/home/lkieslich/dev/pico-sdk/src/rp2_common/pico_bootrom/bootrom.c.obj
                0x100040ac                rom_data_lookup
 .text.rom_funcs_lookup
                0x100040bc       0x44 CMakeFiles/main.dir/home/lkieslich/dev/pico-sdk/src/rp2_common/pico_bootrom/bootrom.c.obj
                0x100040bc                rom_funcs_lookup
 .text.__wrap___aeabi_idiv
                0x10004100       0x50 CMakeFiles/main.dir/home/lkieslich/dev/pico-sdk/src/rp2_common/pico_divider/divider.S.obj
                0x10004100                __wrap___aeabi_idivmod
                0x10004100                divmod_s32s32
                0x10004100                div_s32s32
                0x10004100                __wrap___aeabi_idiv
                0x10004108                divmod_s32s32_unsafe
                0x10004134                divmod_s32s32_savestate
 .text.__wrap___aeabi_uidiv
                0x10004150       0x4c CMakeFiles/main.dir/home/lkieslich/dev/pico-sdk/src/rp2_common/pico_divider/divider.S.obj
                0x10004150                __wrap___aeabi_uidiv
                0x10004150                __wrap___aeabi_uidivmod
                0x10004150                div_u32u32
                0x10004150                divmod_u32u32
                0x10004158                divmod_u32u32_unsafe
                0x10004180                divmod_u32u32_savestate
 .text.__wrap___aeabi_ldiv
                0x1000419c      0x424 CMakeFiles/main.dir/home/lkieslich/dev/pico-sdk/src/rp2_common/pico_divider/divider.S.obj
                0x1000419c                div_s64s64
                0x1000419c                divmod_s64s64
                0x1000419c                __wrap___aeabi_ldivmod
                0x100041cc                div_u64u64
                0x100041cc                divmod_u64u64
                0x100041cc                __wrap___aeabi_uldivmod
                0x100041dc                divmod_u64u64_savestate
                0x100041fc                divmod_s64s64_unsafe
                0x10004284                divmod_u64u64_unsafe
 .text.__wrap___aeabi_darithmetic
                0x100045c0       0x80 CMakeFiles/main.dir/home/lkieslich/dev/pico-sdk/src/rp2_common/pico_double/double_aeabi.S.obj
                0x100045c0                __wrap___aeabi_drsub
                0x100045c6                __wrap___aeabi_dsub
                0x100045d8                __wrap___aeabi_dadd
                0x100045ea                __wrap___aeabi_ddiv
                0x10004626                __wrap___aeabi_dmul
 .text.__wrap___aeabi_cdcmple
                0x10004640       0x6c CMakeFiles/main.dir/home/lkieslich/dev/pico-sdk/src/rp2_common/pico_double/double_aeabi.S.obj
                0x10004640                __wrap___aeabi_cdrcmple
                0x10004650                __wrap___aeabi_cdcmple
                0x10004650                __wrap___aeabi_cdcmpeq
 .text.__wrap___aeabi_dcmplt
                0x100046ac        0xc CMakeFiles/main.dir/home/lkieslich/dev/pico-sdk/src/rp2_common/pico_double/double_aeabi.S.obj
                0x100046ac                __wrap___aeabi_dcmplt
 .text.__wrap___aeabi_dcmpge
                0x100046b8       0x10 CMakeFiles/main.dir/home/lkieslich/dev/pico-sdk/src/rp2_common/pico_double/double_aeabi.S.obj
                0x100046b8                __wrap___aeabi_dcmpge
 .text.__wrap___aeabi_dcmpgt
                0x100046c8        0xa CMakeFiles/main.dir/home/lkieslich/dev/pico-sdk/src/rp2_common/pico_double/double_aeabi.S.obj
                0x100046c8                __wrap___aeabi_dcmpgt
 .text.__wrap___aeabi_dcmpun
                0x100046d2       0x1c CMakeFiles/main.dir/home/lkieslich/dev/pico-sdk/src/rp2_common/pico_double/double_aeabi.S.obj
                0x100046d2                __wrap___aeabi_dcmpun
 *fill*         0x100046ee        0x2 
 .text.__wrap___aeabi_i2d
                0x100046f0       0x38 CMakeFiles/main.dir/home/lkieslich/dev/pico-sdk/src/rp2_common/pico_double/double_aeabi.S.obj
                0x100046f0                __wrap___aeabi_ui2d
                0x100046f8                __wrap___aeabi_i2d
 .text.__wrap___aeabi_d2iz
                0x10004728       0x48 CMakeFiles/main.dir/home/lkieslich/dev/pico-sdk/src/rp2_common/pico_double/double_aeabi.S.obj
                0x10004728                __wrap___aeabi_d2iz
                0x10004728                double2int_z
 .text.__wrap___aeabi_d2uiz
                0x10004770       0x18 CMakeFiles/main.dir/home/lkieslich/dev/pico-sdk/src/rp2_common/pico_double/double_aeabi.S.obj
                0x10004770                double2uint
                0x10004770                __wrap___aeabi_d2uiz
 .text.__wrap___aeabi_d2f
                0x10004788       0x18 CMakeFiles/main.dir/home/lkieslich/dev/pico-sdk/src/rp2_common/pico_double/double_aeabi.S.obj
                0x10004788                __wrap___aeabi_d2f
 .text.__aeabi_double_init
                0x100047a0       0x98 CMakeFiles/main.dir/home/lkieslich/dev/pico-sdk/src/rp2_common/pico_double/double_init_rom.c.obj
                0x100047a0                __aeabi_double_init
 .text.double_table_shim_on_use_helper
                0x10004838       0x2c CMakeFiles/main.dir/home/lkieslich/dev/pico-sdk/src/rp2_common/pico_double/double_v1_rom_shim.S.obj
                0x10004838                double_table_shim_on_use_helper
 .text.__wrap___aeabi_dsub
                0x10004864       0x10 CMakeFiles/main.dir/home/lkieslich/dev/pico-sdk/src/rp2_common/pico_double/double_v1_rom_shim.S.obj
                0x10004864                drsub_shim
                0x1000486a                dsub_shim
 .text.dadd_shim
                0x10004874      0x15c CMakeFiles/main.dir/home/lkieslich/dev/pico-sdk/src/rp2_common/pico_double/double_v1_rom_shim.S.obj
                0x10004874                dadd_shim
 .text.dmul_shim
                0x100049d0      0x15c CMakeFiles/main.dir/home/lkieslich/dev/pico-sdk/src/rp2_common/pico_double/double_v1_rom_shim.S.obj
                0x100049d0                dmul_shim
 .text.ddiv_shim
                0x10004b2c      0x1b0 CMakeFiles/main.dir/home/lkieslich/dev/pico-sdk/src/rp2_common/pico_double/double_v1_rom_shim.S.obj
                0x10004b2c                ddiv_shim
 .text.double2uint_shim
                0x10004cdc        0xe CMakeFiles/main.dir/home/lkieslich/dev/pico-sdk/src/rp2_common/pico_double/double_v1_rom_shim.S.obj
                0x10004cdc                double2uint_shim
                0x10004cde                double2ufix_shim
 *fill*         0x10004cea        0x2 
 .text.double2uint64_shim
                0x10004cec       0x70 CMakeFiles/main.dir/home/lkieslich/dev/pico-sdk/src/rp2_common/pico_double/double_v1_rom_shim.S.obj
                0x10004cec                double2uint64_shim
                0x10004cee                double2ufix64_shim
                0x10004d0e                d2fix_a
 .text.double2float_shim
                0x10004d5c       0x5c CMakeFiles/main.dir/home/lkieslich/dev/pico-sdk/src/rp2_common/pico_double/double_v1_rom_shim.S.obj
                0x10004d5c                double2float_shim
 .text.dunpacks
                0x10004db8       0x3c CMakeFiles/main.dir/home/lkieslich/dev/pico-sdk/src/rp2_common/pico_double/double_v1_rom_shim.S.obj
                0x10004db8                dunpacks
 .text.__aeabi_lmul
                0x10004df4       0x32 CMakeFiles/main.dir/home/lkieslich/dev/pico-sdk/src/rp2_common/pico_int64_ops/pico_int64_ops_aeabi.S.obj
                0x10004df4                __wrap___aeabi_lmul
 *fill*         0x10004e26        0x2 
 .text.__wrap___aeabi_cfcmple
                0x10004e28       0x50 CMakeFiles/main.dir/home/lkieslich/dev/pico-sdk/src/rp2_common/pico_float/float_aeabi.S.obj
                0x10004e28                __wrap___aeabi_cfrcmple
                0x10004e34                __wrap___aeabi_cfcmpeq
                0x10004e34                __wrap___aeabi_cfcmple
 .text.__wrap___aeabi_fcmple
                0x10004e78       0x10 CMakeFiles/main.dir/home/lkieslich/dev/pico-sdk/src/rp2_common/pico_float/float_aeabi.S.obj
                0x10004e78                __wrap___aeabi_fcmple
 .text.__wrap___aeabi_f2d
                0x10004e88       0x14 CMakeFiles/main.dir/home/lkieslich/dev/pico-sdk/src/rp2_common/pico_float/float_aeabi.S.obj
                0x10004e88                __wrap___aeabi_f2d
 .text.__aeabi_float_init
                0x10004e9c       0x64 CMakeFiles/main.dir/home/lkieslich/dev/pico-sdk/src/rp2_common/pico_float/float_init_rom.c.obj
                0x10004e9c                __aeabi_float_init
 .text.float_table_shim_on_use_helper
                0x10004f00       0x2c CMakeFiles/main.dir/home/lkieslich/dev/pico-sdk/src/rp2_common/pico_float/float_v1_rom_shim.S.obj
                0x10004f00                float_table_shim_on_use_helper
 .text.float2double_shim
                0x10004f2c       0x30 CMakeFiles/main.dir/home/lkieslich/dev/pico-sdk/src/rp2_common/pico_float/float_v1_rom_shim.S.obj
                0x10004f2c                float2double_shim
 .text.__wrap_malloc
                0x10004f5c       0x24 CMakeFiles/main.dir/home/lkieslich/dev/pico-sdk/src/rp2_common/pico_malloc/pico_malloc.c.obj
                0x10004f5c                __wrap_malloc
 .text.__wrap_realloc
                0x10004f80       0x24 CMakeFiles/main.dir/home/lkieslich/dev/pico-sdk/src/rp2_common/pico_malloc/pico_malloc.c.obj
                0x10004f80                __wrap_realloc
 .text.__wrap_free
                0x10004fa4        0x8 CMakeFiles/main.dir/home/lkieslich/dev/pico-sdk/src/rp2_common/pico_malloc/pico_malloc.c.obj
                0x10004fa4                __wrap_free
 .text          0x10004fac       0x10 CMakeFiles/main.dir/home/lkieslich/dev/pico-sdk/src/rp2_common/pico_mem_ops/mem_ops_aeabi.S.obj
                0x10004fac                __aeabi_mem_init
 .text.memset   0x10004fbc        0xc CMakeFiles/main.dir/home/lkieslich/dev/pico-sdk/src/rp2_common/pico_mem_ops/mem_ops_aeabi.S.obj
                0x10004fbc                __wrap_memset
 .text.memcpy   0x10004fc8        0xc CMakeFiles/main.dir/home/lkieslich/dev/pico-sdk/src/rp2_common/pico_mem_ops/mem_ops_aeabi.S.obj
                0x10004fc8                __wrap___aeabi_memcpy
                0x10004fc8                __wrap_memcpy
 .text._Znwj    0x10004fd4        0x8 CMakeFiles/main.dir/home/lkieslich/dev/pico-sdk/src/rp2_common/pico_standard_link/new_delete.cpp.obj
                0x10004fd4                operator new(unsigned int)
 .text._ZdlPv   0x10004fdc        0x8 CMakeFiles/main.dir/home/lkieslich/dev/pico-sdk/src/rp2_common/pico_standard_link/new_delete.cpp.obj
                0x10004fdc                operator delete(void*)
 .text._ZdlPvj  0x10004fe4        0x8 CMakeFiles/main.dir/home/lkieslich/dev/pico-sdk/src/rp2_common/pico_standard_link/new_delete.cpp.obj
                0x10004fe4                operator delete(void*, unsigned int)
 .text.stdio_out_chars_crlf
                0x10004fec       0x94 CMakeFiles/main.dir/home/lkieslich/dev/pico-sdk/src/rp2_common/pico_stdio/stdio.c.obj
 .text.stdio_buffered_printer
                0x10005080       0x64 CMakeFiles/main.dir/home/lkieslich/dev/pico-sdk/src/rp2_common/pico_stdio/stdio.c.obj
 .text.__wrap_putchar
                0x100050e4       0x98 CMakeFiles/main.dir/home/lkieslich/dev/pico-sdk/src/rp2_common/pico_stdio/stdio.c.obj
                0x100050e4                __wrap_putchar
 .text.__wrap_puts
                0x1000517c       0xe0 CMakeFiles/main.dir/home/lkieslich/dev/pico-sdk/src/rp2_common/pico_stdio/stdio.c.obj
                0x1000517c                __wrap_puts
 .text._read    0x1000525c       0x94 CMakeFiles/main.dir/home/lkieslich/dev/pico-sdk/src/rp2_common/pico_stdio/stdio.c.obj
                0x1000525c                _read
 .text._write   0x100052f0       0xb4 CMakeFiles/main.dir/home/lkieslich/dev/pico-sdk/src/rp2_common/pico_stdio/stdio.c.obj
                0x100052f0                _write
 .text._close   0x100053a4        0x8 CMakeFiles/main.dir/home/lkieslich/dev/pico-sdk/src/rp2_common/pico_stdio/stdio.c.obj
                0x100053a4                _close
 .text._lseek   0x100053ac        0x8 CMakeFiles/main.dir/home/lkieslich/dev/pico-sdk/src/rp2_common/pico_stdio/stdio.c.obj
                0x100053ac                _lseek
 .text._fstat   0x100053b4        0x8 CMakeFiles/main.dir/home/lkieslich/dev/pico-sdk/src/rp2_common/pico_stdio/stdio.c.obj
                0x100053b4                _fstat
 .text._isatty  0x100053bc        0xc CMakeFiles/main.dir/home/lkieslich/dev/pico-sdk/src/rp2_common/pico_stdio/stdio.c.obj
                0x100053bc                _isatty
 .text.stdio_set_driver_enabled
                0x100053c8       0x30 CMakeFiles/main.dir/home/lkieslich/dev/pico-sdk/src/rp2_common/pico_stdio/stdio.c.obj
                0x100053c8                stdio_set_driver_enabled
 .text.__wrap_vprintf
                0x100053f8       0xd4 CMakeFiles/main.dir/home/lkieslich/dev/pico-sdk/src/rp2_common/pico_stdio/stdio.c.obj
                0x100053f8                __wrap_vprintf
 .text.__wrap_printf
                0x100054cc       0x18 CMakeFiles/main.dir/home/lkieslich/dev/pico-sdk/src/rp2_common/pico_stdio/stdio.c.obj
                0x100054cc                __wrap_printf
 .text.stdio_init_all
                0x100054e4        0x8 CMakeFiles/main.dir/home/lkieslich/dev/pico-sdk/src/rp2_common/pico_stdio/stdio.c.obj
                0x100054e4                stdio_init_all
 .text.resetd_init
                0x100054ec        0x4 CMakeFiles/main.dir/home/lkieslich/dev/pico-sdk/src/rp2_common/pico_stdio_usb/reset_interface.c.obj
 .text.resetd_reset
                0x100054f0        0xc CMakeFiles/main.dir/home/lkieslich/dev/pico-sdk/src/rp2_common/pico_stdio_usb/reset_interface.c.obj
 .text.resetd_open
                0x100054fc       0x28 CMakeFiles/main.dir/home/lkieslich/dev/pico-sdk/src/rp2_common/pico_stdio_usb/reset_interface.c.obj
 .text.resetd_xfer_cb
                0x10005524        0x4 CMakeFiles/main.dir/home/lkieslich/dev/pico-sdk/src/rp2_common/pico_stdio_usb/reset_interface.c.obj
 .text.resetd_control_xfer_cb
                0x10005528       0x60 CMakeFiles/main.dir/home/lkieslich/dev/pico-sdk/src/rp2_common/pico_stdio_usb/reset_interface.c.obj
 .text.usbd_app_driver_get_cb
                0x10005588        0xc CMakeFiles/main.dir/home/lkieslich/dev/pico-sdk/src/rp2_common/pico_stdio_usb/reset_interface.c.obj
                0x10005588                usbd_app_driver_get_cb
 .text.tud_cdc_line_coding_cb
                0x10005594       0x34 CMakeFiles/main.dir/home/lkieslich/dev/pico-sdk/src/rp2_common/pico_stdio_usb/reset_interface.c.obj
                0x10005594                tud_cdc_line_coding_cb
 .text.stdio_usb_set_chars_available_callback
                0x100055c8       0x14 CMakeFiles/main.dir/home/lkieslich/dev/pico-sdk/src/rp2_common/pico_stdio_usb/stdio_usb.c.obj
                0x100055c8                stdio_usb_set_chars_available_callback
 .text.usb_irq  0x100055dc       0x10 CMakeFiles/main.dir/home/lkieslich/dev/pico-sdk/src/rp2_common/pico_stdio_usb/stdio_usb.c.obj
 .text.timer_task
                0x100055ec       0x54 CMakeFiles/main.dir/home/lkieslich/dev/pico-sdk/src/rp2_common/pico_stdio_usb/stdio_usb.c.obj
 .text.stdio_usb_in_chars
                0x10005640       0x90 CMakeFiles/main.dir/home/lkieslich/dev/pico-sdk/src/rp2_common/pico_stdio_usb/stdio_usb.c.obj
                0x10005640                stdio_usb_in_chars
 .text.stdio_usb_out_chars
                0x100056d0      0x104 CMakeFiles/main.dir/home/lkieslich/dev/pico-sdk/src/rp2_common/pico_stdio_usb/stdio_usb.c.obj
 .text.low_priority_worker_irq
                0x100057d4       0xa8 CMakeFiles/main.dir/home/lkieslich/dev/pico-sdk/src/rp2_common/pico_stdio_usb/stdio_usb.c.obj
 .text.tud_cdc_rx_cb
                0x1000587c       0x20 CMakeFiles/main.dir/home/lkieslich/dev/pico-sdk/src/rp2_common/pico_stdio_usb/stdio_usb.c.obj
                0x1000587c                tud_cdc_rx_cb
 .text.stdio_usb_init
                0x1000589c       0xe0 CMakeFiles/main.dir/home/lkieslich/dev/pico-sdk/src/rp2_common/pico_stdio_usb/stdio_usb.c.obj
                0x1000589c                stdio_usb_init
 .text.tud_descriptor_device_cb
                0x1000597c        0x8 CMakeFiles/main.dir/home/lkieslich/dev/pico-sdk/src/rp2_common/pico_stdio_usb/stdio_usb_descriptors.c.obj
                0x1000597c                tud_descriptor_device_cb
 .text.tud_descriptor_configuration_cb
                0x10005984        0x8 CMakeFiles/main.dir/home/lkieslich/dev/pico-sdk/src/rp2_common/pico_stdio_usb/stdio_usb_descriptors.c.obj
                0x10005984                tud_descriptor_configuration_cb
 .text.tud_descriptor_string_cb
                0x1000598c       0x78 CMakeFiles/main.dir/home/lkieslich/dev/pico-sdk/src/rp2_common/pico_stdio_usb/stdio_usb_descriptors.c.obj
                0x1000598c                tud_descriptor_string_cb
 .text.startup._retrieve_unique_id_on_boot
                0x10005a04       0x10 CMakeFiles/main.dir/home/lkieslich/dev/pico-sdk/src/rp2_common/pico_unique_id/unique_id.c.obj
 .text.pico_get_unique_board_id_string
                0x10005a14      0x1a8 CMakeFiles/main.dir/home/lkieslich/dev/pico-sdk/src/rp2_common/pico_unique_id/unique_id.c.obj
                0x10005a14                pico_get_unique_board_id_string
 .text.flash_get_unique_id
                0x10005bbc       0x3c CMakeFiles/main.dir/home/lkieslich/dev/pico-sdk/src/rp2_common/hardware_flash/flash.c.obj
                0x10005bbc                flash_get_unique_id
 .text.dcd_int_enable
                0x10005bf8        0xc CMakeFiles/main.dir/home/lkieslich/dev/pico-sdk/lib/tinyusb/src/portable/raspberrypi/rp2040/dcd_rp2040.c.obj
                0x10005bf8                dcd_int_enable
 .text.dcd_set_address
                0x10005c04       0x14 CMakeFiles/main.dir/home/lkieslich/dev/pico-sdk/lib/tinyusb/src/portable/raspberrypi/rp2040/dcd_rp2040.c.obj
                0x10005c04                dcd_set_address
 .text.dcd_connect
                0x10005c18       0x10 CMakeFiles/main.dir/home/lkieslich/dev/pico-sdk/lib/tinyusb/src/portable/raspberrypi/rp2040/dcd_rp2040.c.obj
                0x10005c18                dcd_connect
 .text.dcd_init
                0x10005c28       0x98 CMakeFiles/main.dir/home/lkieslich/dev/pico-sdk/lib/tinyusb/src/portable/raspberrypi/rp2040/dcd_rp2040.c.obj
                0x10005c28                dcd_init
 .text.dcd_edpt0_status_complete
                0x10005cc0       0x1c CMakeFiles/main.dir/home/lkieslich/dev/pico-sdk/lib/tinyusb/src/portable/raspberrypi/rp2040/dcd_rp2040.c.obj
                0x10005cc0                dcd_edpt0_status_complete
 .text.dcd_edpt_open
                0x10005cdc      0x108 CMakeFiles/main.dir/home/lkieslich/dev/pico-sdk/lib/tinyusb/src/portable/raspberrypi/rp2040/dcd_rp2040.c.obj
                0x10005cdc                dcd_edpt_open
 .text.dcd_edpt_close_all
                0x10005de4        0x8 CMakeFiles/main.dir/home/lkieslich/dev/pico-sdk/lib/tinyusb/src/portable/raspberrypi/rp2040/dcd_rp2040.c.obj
                0x10005de4                dcd_edpt_close_all
 .text.dcd_edpt_xfer
                0x10005dec       0x24 CMakeFiles/main.dir/home/lkieslich/dev/pico-sdk/lib/tinyusb/src/portable/raspberrypi/rp2040/dcd_rp2040.c.obj
                0x10005dec                dcd_edpt_xfer
 .text.dcd_edpt_stall
                0x10005e10       0x34 CMakeFiles/main.dir/home/lkieslich/dev/pico-sdk/lib/tinyusb/src/portable/raspberrypi/rp2040/dcd_rp2040.c.obj
                0x10005e10                dcd_edpt_stall
 .text.dcd_edpt_clear_stall
                0x10005e44       0x30 CMakeFiles/main.dir/home/lkieslich/dev/pico-sdk/lib/tinyusb/src/portable/raspberrypi/rp2040/dcd_rp2040.c.obj
                0x10005e44                dcd_edpt_clear_stall
 .text.rp2040_usb_init
                0x10005e74       0x4c CMakeFiles/main.dir/home/lkieslich/dev/pico-sdk/lib/tinyusb/src/portable/raspberrypi/rp2040/rp2040_usb.c.obj
                0x10005e74                rp2040_usb_init
 .text.hw_endpoint_xfer_start
                0x10005ec0       0x40 CMakeFiles/main.dir/home/lkieslich/dev/pico-sdk/lib/tinyusb/src/portable/raspberrypi/rp2040/rp2040_usb.c.obj
                0x10005ec0                hw_endpoint_xfer_start
 .text.tud_mounted
                0x10005f00       0x10 CMakeFiles/main.dir/home/lkieslich/dev/pico-sdk/lib/tinyusb/src/device/usbd.c.obj
                0x10005f00                tud_mounted
 .text.tud_suspended
                0x10005f10       0x10 CMakeFiles/main.dir/home/lkieslich/dev/pico-sdk/lib/tinyusb/src/device/usbd.c.obj
                0x10005f10                tud_suspended
 .text.tud_inited
                0x10005f20       0x14 CMakeFiles/main.dir/home/lkieslich/dev/pico-sdk/lib/tinyusb/src/device/usbd.c.obj
                0x10005f20                tud_inited
 .text.tud_init
                0x10005f34       0xdc CMakeFiles/main.dir/home/lkieslich/dev/pico-sdk/lib/tinyusb/src/device/usbd.c.obj
                0x10005f34                tud_init
 .text.tud_task_ext
                0x10006010      0x850 CMakeFiles/main.dir/home/lkieslich/dev/pico-sdk/lib/tinyusb/src/device/usbd.c.obj
                0x10006010                tud_task_ext
 .text.usbd_open_edpt_pair
                0x10006860       0x9c CMakeFiles/main.dir/home/lkieslich/dev/pico-sdk/lib/tinyusb/src/device/usbd.c.obj
                0x10006860                usbd_open_edpt_pair
 .text.usbd_defer_func
                0x100068fc       0x48 CMakeFiles/main.dir/home/lkieslich/dev/pico-sdk/lib/tinyusb/src/device/usbd.c.obj
                0x100068fc                usbd_defer_func
 .text.usbd_edpt_open
                0x10006944       0x34 CMakeFiles/main.dir/home/lkieslich/dev/pico-sdk/lib/tinyusb/src/device/usbd.c.obj
                0x10006944                usbd_edpt_open
 .text.usbd_edpt_claim
                0x10006978       0x28 CMakeFiles/main.dir/home/lkieslich/dev/pico-sdk/lib/tinyusb/src/device/usbd.c.obj
                0x10006978                usbd_edpt_claim
 .text.usbd_edpt_release
                0x100069a0       0x28 CMakeFiles/main.dir/home/lkieslich/dev/pico-sdk/lib/tinyusb/src/device/usbd.c.obj
                0x100069a0                usbd_edpt_release
 .text.usbd_edpt_xfer
                0x100069c8       0x4c CMakeFiles/main.dir/home/lkieslich/dev/pico-sdk/lib/tinyusb/src/device/usbd.c.obj
                0x100069c8                usbd_edpt_xfer
 .text.tud_control_status
                0x10006a14       0x2c CMakeFiles/main.dir/home/lkieslich/dev/pico-sdk/lib/tinyusb/src/device/usbd_control.c.obj
                0x10006a14                tud_control_status
 .text.tud_control_xfer
                0x10006a40       0xac CMakeFiles/main.dir/home/lkieslich/dev/pico-sdk/lib/tinyusb/src/device/usbd_control.c.obj
                0x10006a40                tud_control_xfer
 .text.usbd_control_reset
                0x10006aec       0x14 CMakeFiles/main.dir/home/lkieslich/dev/pico-sdk/lib/tinyusb/src/device/usbd_control.c.obj
                0x10006aec                usbd_control_reset
 .text.usbd_control_set_complete_callback
                0x10006b00        0xc CMakeFiles/main.dir/home/lkieslich/dev/pico-sdk/lib/tinyusb/src/device/usbd_control.c.obj
                0x10006b00                usbd_control_set_complete_callback
 .text.usbd_control_set_request
                0x10006b0c       0x1c CMakeFiles/main.dir/home/lkieslich/dev/pico-sdk/lib/tinyusb/src/device/usbd_control.c.obj
                0x10006b0c                usbd_control_set_request
 .text.usbd_control_xfer_cb
                0x10006b28       0xf4 CMakeFiles/main.dir/home/lkieslich/dev/pico-sdk/lib/tinyusb/src/device/usbd_control.c.obj
                0x10006b28                usbd_control_xfer_cb
 .text.tud_cdc_n_connected
                0x10006c1c       0x30 CMakeFiles/main.dir/home/lkieslich/dev/pico-sdk/lib/tinyusb/src/class/cdc/cdc_device.c.obj
                0x10006c1c                tud_cdc_n_connected
 .text.tud_cdc_n_available
                0x10006c4c       0x18 CMakeFiles/main.dir/home/lkieslich/dev/pico-sdk/lib/tinyusb/src/class/cdc/cdc_device.c.obj
                0x10006c4c                tud_cdc_n_available
 .text.tud_cdc_n_read
                0x10006c64       0x70 CMakeFiles/main.dir/home/lkieslich/dev/pico-sdk/lib/tinyusb/src/class/cdc/cdc_device.c.obj
                0x10006c64                tud_cdc_n_read
 .text.tud_cdc_n_write_flush
                0x10006cd4       0x78 CMakeFiles/main.dir/home/lkieslich/dev/pico-sdk/lib/tinyusb/src/class/cdc/cdc_device.c.obj
                0x10006cd4                tud_cdc_n_write_flush
 .text.tud_cdc_n_write
                0x10006d4c       0x34 CMakeFiles/main.dir/home/lkieslich/dev/pico-sdk/lib/tinyusb/src/class/cdc/cdc_device.c.obj
                0x10006d4c                tud_cdc_n_write
 .text.tud_cdc_n_write_available
                0x10006d80       0x18 CMakeFiles/main.dir/home/lkieslich/dev/pico-sdk/lib/tinyusb/src/class/cdc/cdc_device.c.obj
                0x10006d80                tud_cdc_n_write_available
 .text.cdcd_init
                0x10006d98       0x7c CMakeFiles/main.dir/home/lkieslich/dev/pico-sdk/lib/tinyusb/src/class/cdc/cdc_device.c.obj
                0x10006d98                cdcd_init
 .text.cdcd_reset
                0x10006e14       0x2c CMakeFiles/main.dir/home/lkieslich/dev/pico-sdk/lib/tinyusb/src/class/cdc/cdc_device.c.obj
                0x10006e14                cdcd_reset
 .text.cdcd_open
                0x10006e40       0xe4 CMakeFiles/main.dir/home/lkieslich/dev/pico-sdk/lib/tinyusb/src/class/cdc/cdc_device.c.obj
                0x10006e40                cdcd_open
 .text.cdcd_control_xfer_cb
                0x10006f24       0xe4 CMakeFiles/main.dir/home/lkieslich/dev/pico-sdk/lib/tinyusb/src/class/cdc/cdc_device.c.obj
                0x10006f24                cdcd_control_xfer_cb
 .text.cdcd_xfer_cb
                0x10007008      0x13c CMakeFiles/main.dir/home/lkieslich/dev/pico-sdk/lib/tinyusb/src/class/cdc/cdc_device.c.obj
                0x10007008                cdcd_xfer_cb
 .text.tusb_init
                0x10007144        0xc CMakeFiles/main.dir/home/lkieslich/dev/pico-sdk/lib/tinyusb/src/tusb.c.obj
                0x10007144                tusb_init
 .text.tusb_inited
                0x10007150        0x8 CMakeFiles/main.dir/home/lkieslich/dev/pico-sdk/lib/tinyusb/src/tusb.c.obj
                0x10007150                tusb_inited
 .text.tu_edpt_claim
                0x10007158       0x50 CMakeFiles/main.dir/home/lkieslich/dev/pico-sdk/lib/tinyusb/src/tusb.c.obj
                0x10007158                tu_edpt_claim
 .text.tu_edpt_release
                0x100071a8       0x38 CMakeFiles/main.dir/home/lkieslich/dev/pico-sdk/lib/tinyusb/src/tusb.c.obj
                0x100071a8                tu_edpt_release
 .text.tu_edpt_validate
                0x100071e0       0x7c CMakeFiles/main.dir/home/lkieslich/dev/pico-sdk/lib/tinyusb/src/tusb.c.obj
                0x100071e0                tu_edpt_validate
 .text.tu_edpt_bind_driver
                0x1000725c       0x34 CMakeFiles/main.dir/home/lkieslich/dev/pico-sdk/lib/tinyusb/src/tusb.c.obj
                0x1000725c                tu_edpt_bind_driver
 .text.tu_fifo_config
                0x10007290       0x6c CMakeFiles/main.dir/home/lkieslich/dev/pico-sdk/lib/tinyusb/src/common/tusb_fifo.c.obj
                0x10007290                tu_fifo_config
 .text.tu_fifo_count
                0x100072fc       0x2c CMakeFiles/main.dir/home/lkieslich/dev/pico-sdk/lib/tinyusb/src/common/tusb_fifo.c.obj
                0x100072fc                tu_fifo_count
 .text.tu_fifo_empty
                0x10007328       0x10 CMakeFiles/main.dir/home/lkieslich/dev/pico-sdk/lib/tinyusb/src/common/tusb_fifo.c.obj
                0x10007328                tu_fifo_empty
 .text.tu_fifo_remaining
                0x10007338       0x2c CMakeFiles/main.dir/home/lkieslich/dev/pico-sdk/lib/tinyusb/src/common/tusb_fifo.c.obj
                0x10007338                tu_fifo_remaining
 .text.tu_fifo_read
                0x10007364       0x9c CMakeFiles/main.dir/home/lkieslich/dev/pico-sdk/lib/tinyusb/src/common/tusb_fifo.c.obj
                0x10007364                tu_fifo_read
 .text.tu_fifo_read_n
                0x10007400       0xe8 CMakeFiles/main.dir/home/lkieslich/dev/pico-sdk/lib/tinyusb/src/common/tusb_fifo.c.obj
                0x10007400                tu_fifo_read_n
 .text.tu_fifo_write
                0x100074e8       0xa8 CMakeFiles/main.dir/home/lkieslich/dev/pico-sdk/lib/tinyusb/src/common/tusb_fifo.c.obj
                0x100074e8                tu_fifo_write
 .text.tu_fifo_write_n
                0x10007590      0x178 CMakeFiles/main.dir/home/lkieslich/dev/pico-sdk/lib/tinyusb/src/common/tusb_fifo.c.obj
                0x10007590                tu_fifo_write_n
 .text.tu_fifo_clear
                0x10007708       0x40 CMakeFiles/main.dir/home/lkieslich/dev/pico-sdk/lib/tinyusb/src/common/tusb_fifo.c.obj
                0x10007708                tu_fifo_clear
 .text.tu_fifo_set_overwritable
                0x10007748       0x48 CMakeFiles/main.dir/home/lkieslich/dev/pico-sdk/lib/tinyusb/src/common/tusb_fifo.c.obj
                0x10007748                tu_fifo_set_overwritable
 .text.adc_init
                0x10007790       0x38 CMakeFiles/main.dir/home/lkieslich/dev/pico-sdk/src/rp2_common/hardware_adc/adc.c.obj
                0x10007790                adc_init
 .text.unlikely._ZSt19__throw_logic_errorPKc
                0x100077c8       0x30 /usr/lib/gcc/arm-none-eabi/13.2.0/../../../../arm-none-eabi/lib/thumb/v6-m/nofp/libstdc++.a(functexcept.o)
                0x100077c8                std::__throw_logic_error(char const*)
 .text.unlikely._ZSt20__throw_length_errorPKc
                0x100077f8       0x30 /usr/lib/gcc/arm-none-eabi/13.2.0/../../../../arm-none-eabi/lib/thumb/v6-m/nofp/libstdc++.a(functexcept.o)
                0x100077f8                std::__throw_length_error(char const*)
 .text._ZN12_GLOBAL__N_14pool4freeEPv.constprop.0
                0x10007828       0x6c /usr/lib/gcc/arm-none-eabi/13.2.0/../../../../arm-none-eabi/lib/thumb/v6-m/nofp/libstdc++.a(eh_alloc.o)
 .text._ZN12_GLOBAL__N_14pool8allocateEj.constprop.0
                0x10007894       0x50 /usr/lib/gcc/arm-none-eabi/13.2.0/../../../../arm-none-eabi/lib/thumb/v6-m/nofp/libstdc++.a(eh_alloc.o)
 .text.__cxa_allocate_exception
                0x100078e4       0x2c /usr/lib/gcc/arm-none-eabi/13.2.0/../../../../arm-none-eabi/lib/thumb/v6-m/nofp/libstdc++.a(eh_alloc.o)
                0x100078e4                __cxa_allocate_exception
 .text.__cxa_free_exception
                0x10007910       0x24 /usr/lib/gcc/arm-none-eabi/13.2.0/../../../../arm-none-eabi/lib/thumb/v6-m/nofp/libstdc++.a(eh_alloc.o)
                0x10007910                __cxa_free_exception
 .text.startup._GLOBAL__sub_I__ZN9__gnu_cxx9__freeresEv
                0x10007934      0x10c /usr/lib/gcc/arm-none-eabi/13.2.0/../../../../arm-none-eabi/lib/thumb/v6-m/nofp/libstdc++.a(eh_alloc.o)
 .text.__cxa_end_cleanup
                0x10007a40        0xc /usr/lib/gcc/arm-none-eabi/13.2.0/../../../../arm-none-eabi/lib/thumb/v6-m/nofp/libstdc++.a(eh_arm.o)
                0x10007a40                __cxa_end_cleanup
 .text.__cxa_type_match
                0x10007a4c       0xc0 /usr/lib/gcc/arm-none-eabi/13.2.0/../../../../arm-none-eabi/lib/thumb/v6-m/nofp/libstdc++.a(eh_arm.o)
                0x10007a4c                __cxa_type_match
 .text.__cxa_begin_cleanup
                0x10007b0c       0x60 /usr/lib/gcc/arm-none-eabi/13.2.0/../../../../arm-none-eabi/lib/thumb/v6-m/nofp/libstdc++.a(eh_arm.o)
                0x10007b0c                __cxa_begin_cleanup
 .text.__gnu_end_cleanup
                0x10007b6c       0x70 /usr/lib/gcc/arm-none-eabi/13.2.0/../../../../arm-none-eabi/lib/thumb/v6-m/nofp/libstdc++.a(eh_arm.o)
                0x10007b6c                __gnu_end_cleanup
 .text._ZNSt9exceptionD2Ev
                0x10007bdc        0x4 /usr/lib/gcc/arm-none-eabi/13.2.0/../../../../arm-none-eabi/lib/thumb/v6-m/nofp/libstdc++.a(eh_exception.o)
                0x10007bdc                std::exception::~exception()
                0x10007bdc                std::exception::~exception()
 .text._ZNSt13bad_exceptionD2Ev
                0x10007be0        0x4 /usr/lib/gcc/arm-none-eabi/13.2.0/../../../../arm-none-eabi/lib/thumb/v6-m/nofp/libstdc++.a(eh_exception.o)
                0x10007be0                std::bad_exception::~bad_exception()
                0x10007be0                std::bad_exception::~bad_exception()
 .text._ZNKSt13bad_exception4whatEv
                0x10007be4        0x8 /usr/lib/gcc/arm-none-eabi/13.2.0/../../../../arm-none-eabi/lib/thumb/v6-m/nofp/libstdc++.a(eh_exception.o)
                0x10007be4                transaction clone for std::bad_exception::what() const
                0x10007be4                std::bad_exception::what() const
 .text._ZNSt13bad_exceptionD0Ev
                0x10007bec       0x10 /usr/lib/gcc/arm-none-eabi/13.2.0/../../../../arm-none-eabi/lib/thumb/v6-m/nofp/libstdc++.a(eh_exception.o)
                0x10007bec                std::bad_exception::~bad_exception()
 .text.__cxa_get_globals_fast
                0x10007bfc        0x8 /usr/lib/gcc/arm-none-eabi/13.2.0/../../../../arm-none-eabi/lib/thumb/v6-m/nofp/libstdc++.a(eh_globals.o)
                0x10007bfc                __cxa_get_globals_fast
 .text.__cxa_get_globals
                0x10007c04        0x8 /usr/lib/gcc/arm-none-eabi/13.2.0/../../../../arm-none-eabi/lib/thumb/v6-m/nofp/libstdc++.a(eh_globals.o)
                0x10007c04                __cxa_get_globals
 .text._ZL28read_encoded_value_with_basehjPKhPj
                0x10007c0c      0x104 /usr/lib/gcc/arm-none-eabi/13.2.0/../../../../arm-none-eabi/lib/thumb/v6-m/nofp/libstdc++.a(eh_personality.o)
 .text._ZL21base_of_encoded_valuehP15_Unwind_Context
                0x10007d10       0x40 /usr/lib/gcc/arm-none-eabi/13.2.0/../../../../arm-none-eabi/lib/thumb/v6-m/nofp/libstdc++.a(eh_personality.o)
 .text._ZL17parse_lsda_headerP15_Unwind_ContextPKhP16lsda_header_info
                0x10007d50       0x94 /usr/lib/gcc/arm-none-eabi/13.2.0/../../../../arm-none-eabi/lib/thumb/v6-m/nofp/libstdc++.a(eh_personality.o)
 .text.__gxx_personality_v0
                0x10007de4      0x4b4 /usr/lib/gcc/arm-none-eabi/13.2.0/../../../../arm-none-eabi/lib/thumb/v6-m/nofp/libstdc++.a(eh_personality.o)
                0x10007de4                __gxx_personality_v0
 .text._ZN10__cxxabiv111__terminateEPFvvE
                0x10008298       0x10 /usr/lib/gcc/arm-none-eabi/13.2.0/../../../../arm-none-eabi/lib/thumb/v6-m/nofp/libstdc++.a(eh_terminate.o)
                0x10008298                __cxxabiv1::__terminate(void (*)())
 .text._ZSt9terminatev
                0x100082a8       0x10 /usr/lib/gcc/arm-none-eabi/13.2.0/../../../../arm-none-eabi/lib/thumb/v6-m/nofp/libstdc++.a(eh_terminate.o)
                0x100082a8                std::terminate()
 .text._ZN10__cxxabiv112__unexpectedEPFvvE
                0x100082b8        0x8 /usr/lib/gcc/arm-none-eabi/13.2.0/../../../../arm-none-eabi/lib/thumb/v6-m/nofp/libstdc++.a(eh_terminate.o)
                0x100082b8                __cxxabiv1::__unexpected(void (*)())
 .text._ZSt10unexpectedv
                0x100082c0       0x10 /usr/lib/gcc/arm-none-eabi/13.2.0/../../../../arm-none-eabi/lib/thumb/v6-m/nofp/libstdc++.a(eh_terminate.o)
                0x100082c0                std::unexpected()
 .text._ZSt13get_terminatev
                0x100082d0        0xc /usr/lib/gcc/arm-none-eabi/13.2.0/../../../../arm-none-eabi/lib/thumb/v6-m/nofp/libstdc++.a(eh_terminate.o)
                0x100082d0                std::get_terminate()
 .text._ZSt14get_unexpectedv
                0x100082dc        0xc /usr/lib/gcc/arm-none-eabi/13.2.0/../../../../arm-none-eabi/lib/thumb/v6-m/nofp/libstdc++.a(eh_terminate.o)
                0x100082dc                std::get_unexpected()
 .text._ZL23__gxx_exception_cleanup19_Unwind_Reason_CodeP21_Unwind_Control_Block
                0x100082e8       0x34 /usr/lib/gcc/arm-none-eabi/13.2.0/../../../../arm-none-eabi/lib/thumb/v6-m/nofp/libstdc++.a(eh_throw.o)
 .text.__cxa_init_primary_exception
                0x1000831c       0x4c /usr/lib/gcc/arm-none-eabi/13.2.0/../../../../arm-none-eabi/lib/thumb/v6-m/nofp/libstdc++.a(eh_throw.o)
                0x1000831c                __cxa_init_primary_exception
 .text.__cxa_throw
                0x10008368       0x34 /usr/lib/gcc/arm-none-eabi/13.2.0/../../../../arm-none-eabi/lib/thumb/v6-m/nofp/libstdc++.a(eh_throw.o)
                0x10008368                __cxa_throw
 .text.__cxa_rethrow
                0x1000839c       0x70 /usr/lib/gcc/arm-none-eabi/13.2.0/../../../../arm-none-eabi/lib/thumb/v6-m/nofp/libstdc++.a(eh_throw.o)
                0x1000839c                __cxa_rethrow
 .text._ZN10__cxxabiv120__si_class_type_infoD2Ev
                0x1000840c       0x14 /usr/lib/gcc/arm-none-eabi/13.2.0/../../../../arm-none-eabi/lib/thumb/v6-m/nofp/libstdc++.a(si_class_type_info.o)
                0x1000840c                __cxxabiv1::__si_class_type_info::~__si_class_type_info()
                0x1000840c                __cxxabiv1::__si_class_type_info::~__si_class_type_info()
 .text._ZN10__cxxabiv120__si_class_type_infoD0Ev
                0x10008420       0x1c /usr/lib/gcc/arm-none-eabi/13.2.0/../../../../arm-none-eabi/lib/thumb/v6-m/nofp/libstdc++.a(si_class_type_info.o)
                0x10008420                __cxxabiv1::__si_class_type_info::~__si_class_type_info()
 .text._ZNK10__cxxabiv120__si_class_type_info20__do_find_public_srcEiPKvPKNS_17__class_type_infoES2_
                0x1000843c       0x38 /usr/lib/gcc/arm-none-eabi/13.2.0/../../../../arm-none-eabi/lib/thumb/v6-m/nofp/libstdc++.a(si_class_type_info.o)
                0x1000843c                __cxxabiv1::__si_class_type_info::__do_find_public_src(int, void const*, __cxxabiv1::__class_type_info const*, void const*) const
 .text._ZNK10__cxxabiv120__si_class_type_info12__do_dyncastEiNS_17__class_type_info10__sub_kindEPKS1_PKvS4_S6_RNS1_16__dyncast_resultE
                0x10008474       0x88 /usr/lib/gcc/arm-none-eabi/13.2.0/../../../../arm-none-eabi/lib/thumb/v6-m/nofp/libstdc++.a(si_class_type_info.o)
                0x10008474                __cxxabiv1::__si_class_type_info::__do_dyncast(int, __cxxabiv1::__class_type_info::__sub_kind, __cxxabiv1::__class_type_info const*, void const*, __cxxabiv1::__class_type_info const*, void const*, __cxxabiv1::__class_type_info::__dyncast_result&) const
 .text._ZNK10__cxxabiv120__si_class_type_info11__do_upcastEPKNS_17__class_type_infoEPKvRNS1_15__upcast_resultE
                0x100084fc       0x24 /usr/lib/gcc/arm-none-eabi/13.2.0/../../../../arm-none-eabi/lib/thumb/v6-m/nofp/libstdc++.a(si_class_type_info.o)
                0x100084fc                __cxxabiv1::__si_class_type_info::__do_upcast(__cxxabiv1::__class_type_info const*, void const*, __cxxabiv1::__class_type_info::__upcast_result&) const
 .text._ZNSt9type_infoD2Ev
                0x10008520        0x4 /usr/lib/gcc/arm-none-eabi/13.2.0/../../../../arm-none-eabi/lib/thumb/v6-m/nofp/libstdc++.a(tinfo.o)
                0x10008520                std::type_info::~type_info()
                0x10008520                std::type_info::~type_info()
 .text._ZNKSt9type_info14__is_pointer_pEv
                0x10008524        0x4 /usr/lib/gcc/arm-none-eabi/13.2.0/../../../../arm-none-eabi/lib/thumb/v6-m/nofp/libstdc++.a(tinfo.o)
                0x10008524                std::type_info::__is_function_p() const
                0x10008524                std::type_info::__is_pointer_p() const
 .text._ZNKSt9type_infoeqERKS_
                0x10008528       0x30 /usr/lib/gcc/arm-none-eabi/13.2.0/../../../../arm-none-eabi/lib/thumb/v6-m/nofp/libstdc++.a(tinfo.o)
                0x10008528                std::type_info::__equal(std::type_info const&) const
                0x10008528                std::type_info::operator==(std::type_info const&) const
 .text._ZN9__gnu_cxx27__verbose_terminate_handlerEv
                0x10008558      0x114 /usr/lib/gcc/arm-none-eabi/13.2.0/../../../../arm-none-eabi/lib/thumb/v6-m/nofp/libstdc++.a(vterminate.o)
                0x10008558                __gnu_cxx::__verbose_terminate_handler()
 .text._ZNKSt11logic_error4whatEv
                0x1000866c        0x4 /usr/lib/gcc/arm-none-eabi/13.2.0/../../../../arm-none-eabi/lib/thumb/v6-m/nofp/libstdc++.a(stdexcept.o)
                0x1000866c                std::runtime_error::what() const
                0x1000866c                std::logic_error::what() const
 .text._ZNSt11logic_errorD2Ev
                0x10008670       0x40 /usr/lib/gcc/arm-none-eabi/13.2.0/../../../../arm-none-eabi/lib/thumb/v6-m/nofp/libstdc++.a(stdexcept.o)
                0x10008670                std::logic_error::~logic_error()
                0x10008670                std::logic_error::~logic_error()
 .text._ZNSt12length_errorD2Ev
                0x100086b0       0x40 /usr/lib/gcc/arm-none-eabi/13.2.0/../../../../arm-none-eabi/lib/thumb/v6-m/nofp/libstdc++.a(stdexcept.o)
                0x100086b0                std::length_error::~length_error()
                0x100086b0                std::length_error::~length_error()
 .text._ZNSt11logic_errorD0Ev
                0x100086f0       0x44 /usr/lib/gcc/arm-none-eabi/13.2.0/../../../../arm-none-eabi/lib/thumb/v6-m/nofp/libstdc++.a(stdexcept.o)
                0x100086f0                std::logic_error::~logic_error()
 .text._ZNSt12length_errorD0Ev
                0x10008734       0x44 /usr/lib/gcc/arm-none-eabi/13.2.0/../../../../arm-none-eabi/lib/thumb/v6-m/nofp/libstdc++.a(stdexcept.o)
                0x10008734                std::length_error::~length_error()
 .text._ZNSt11logic_errorC2EPKc
                0x10008778       0x88 /usr/lib/gcc/arm-none-eabi/13.2.0/../../../../arm-none-eabi/lib/thumb/v6-m/nofp/libstdc++.a(cow-stdexcept.o)
                0x10008778                std::logic_error::logic_error(char const*)
                0x10008778                std::logic_error::logic_error(char const*)
 .text._ZNSt12length_errorC2EPKc
                0x10008800       0x14 /usr/lib/gcc/arm-none-eabi/13.2.0/../../../../arm-none-eabi/lib/thumb/v6-m/nofp/libstdc++.a(cow-stdexcept.o)
                0x10008800                std::length_error::length_error(char const*)
                0x10008800                std::length_error::length_error(char const*)
 .text._ZNSs4_Rep9_S_createEjjRKSaIcE
                0x10008814       0x5c /usr/lib/gcc/arm-none-eabi/13.2.0/../../../../arm-none-eabi/lib/thumb/v6-m/nofp/libstdc++.a(cow-string-inst.o)
                0x10008814                std::string::_Rep::_S_create(unsigned int, unsigned int, std::allocator<char> const&)
 .text._ZNSs4_Rep10_M_destroyERKSaIcE
                0x10008870        0x8 /usr/lib/gcc/arm-none-eabi/13.2.0/../../../../arm-none-eabi/lib/thumb/v6-m/nofp/libstdc++.a(cow-string-inst.o)
                0x10008870                std::string::_Rep::_M_destroy(std::allocator<char> const&)
 .text._ZNK10__cxxabiv117__class_type_info11__do_upcastEPKS0_PPv
                0x10008878       0x34 /usr/lib/gcc/arm-none-eabi/13.2.0/../../../../arm-none-eabi/lib/thumb/v6-m/nofp/libstdc++.a(class_type_info.o)
                0x10008878                __cxxabiv1::__class_type_info::__do_upcast(__cxxabiv1::__class_type_info const*, void**) const
 .text._ZNK10__cxxabiv117__class_type_info20__do_find_public_srcEiPKvPKS0_S2_
                0x100088ac       0x14 /usr/lib/gcc/arm-none-eabi/13.2.0/../../../../arm-none-eabi/lib/thumb/v6-m/nofp/libstdc++.a(class_type_info.o)
                0x100088ac                __cxxabiv1::__class_type_info::__do_find_public_src(int, void const*, __cxxabiv1::__class_type_info const*, void const*) const
 .text._ZN10__cxxabiv117__class_type_infoD2Ev
                0x100088c0       0x14 /usr/lib/gcc/arm-none-eabi/13.2.0/../../../../arm-none-eabi/lib/thumb/v6-m/nofp/libstdc++.a(class_type_info.o)
                0x100088c0                __cxxabiv1::__class_type_info::~__class_type_info()
                0x100088c0                __cxxabiv1::__class_type_info::~__class_type_info()
 .text._ZN10__cxxabiv117__class_type_infoD0Ev
                0x100088d4       0x1c /usr/lib/gcc/arm-none-eabi/13.2.0/../../../../arm-none-eabi/lib/thumb/v6-m/nofp/libstdc++.a(class_type_info.o)
                0x100088d4                __cxxabiv1::__class_type_info::~__class_type_info()
 .text._ZNK10__cxxabiv117__class_type_info12__do_dyncastEiNS0_10__sub_kindEPKS0_PKvS3_S5_RNS0_16__dyncast_resultE
                0x100088f0       0x40 /usr/lib/gcc/arm-none-eabi/13.2.0/../../../../arm-none-eabi/lib/thumb/v6-m/nofp/libstdc++.a(class_type_info.o)
                0x100088f0                __cxxabiv1::__class_type_info::__do_dyncast(int, __cxxabiv1::__class_type_info::__sub_kind, __cxxabiv1::__class_type_info const*, void const*, __cxxabiv1::__class_type_info const*, void const*, __cxxabiv1::__class_type_info::__dyncast_result&) const
 .text._ZNK10__cxxabiv117__class_type_info11__do_upcastEPKS0_PKvRNS0_15__upcast_resultE
                0x10008930       0x1c /usr/lib/gcc/arm-none-eabi/13.2.0/../../../../arm-none-eabi/lib/thumb/v6-m/nofp/libstdc++.a(class_type_info.o)
                0x10008930                __cxxabiv1::__class_type_info::__do_upcast(__cxxabiv1::__class_type_info const*, void const*, __cxxabiv1::__class_type_info::__upcast_result&) const
 .text._ZNK10__cxxabiv117__class_type_info10__do_catchEPKSt9type_infoPPvj
                0x1000894c       0x24 /usr/lib/gcc/arm-none-eabi/13.2.0/../../../../arm-none-eabi/lib/thumb/v6-m/nofp/libstdc++.a(class_type_info.o)
                0x1000894c                __cxxabiv1::__class_type_info::__do_catch(std::type_info const*, void**, unsigned int) const
 .text          0x10008970     0x6ff4 /usr/lib/gcc/arm-none-eabi/13.2.0/../../../../arm-none-eabi/lib/thumb/v6-m/nofp/libstdc++.a(cp-demangle.o)
                0x1000f874                __cxa_demangle
                0x1000f944                __gcclibcxx_demangle_callback
 .text._ZN10__cxxabiv1L24__is_gxx_exception_classEPc
                0x1000f964       0x3c /usr/lib/gcc/arm-none-eabi/13.2.0/../../../../arm-none-eabi/lib/thumb/v6-m/nofp/libstdc++.a(eh_call.o)
 .text.__cxa_call_terminate
                0x1000f9a0       0x20 /usr/lib/gcc/arm-none-eabi/13.2.0/../../../../arm-none-eabi/lib/thumb/v6-m/nofp/libstdc++.a(eh_call.o)
                0x1000f9a0                __cxa_call_terminate
 .text.unlikely.__cxa_call_unexpected
                0x1000f9c0       0xfc /usr/lib/gcc/arm-none-eabi/13.2.0/../../../../arm-none-eabi/lib/thumb/v6-m/nofp/libstdc++.a(eh_call.o)
                0x1000f9c0                __cxa_call_unexpected
 .text.__cxa_begin_catch
                0x1000fabc       0x74 /usr/lib/gcc/arm-none-eabi/13.2.0/../../../../arm-none-eabi/lib/thumb/v6-m/nofp/libstdc++.a(eh_catch.o)
                0x1000fabc                __cxa_begin_catch
 .text.__cxa_end_catch
                0x1000fb30       0x90 /usr/lib/gcc/arm-none-eabi/13.2.0/../../../../arm-none-eabi/lib/thumb/v6-m/nofp/libstdc++.a(eh_catch.o)
                0x1000fb30                __cxa_end_catch
 .text.__cxa_current_exception_type
                0x1000fbc0       0x20 /usr/lib/gcc/arm-none-eabi/13.2.0/../../../../arm-none-eabi/lib/thumb/v6-m/nofp/libstdc++.a(eh_type.o)
                0x1000fbc0                __cxa_current_exception_type
 .text.abort    0x1000fbe0       0x10 /usr/lib/gcc/arm-none-eabi/13.2.0/../../../../arm-none-eabi/lib/thumb/v6-m/nofp/libc.a(lib_a-abort.o)
                0x1000fbe0                abort
 .text.atexit   0x1000fbf0       0x10 /usr/lib/gcc/arm-none-eabi/13.2.0/../../../../arm-none-eabi/lib/thumb/v6-m/nofp/libc.a(lib_a-atexit.o)
                0x1000fbf0                atexit
 .text.__libc_fini_array
                0x1000fc00       0x28 /usr/lib/gcc/arm-none-eabi/13.2.0/../../../../arm-none-eabi/lib/thumb/v6-m/nofp/libc.a(lib_a-fini.o)
                0x1000fc00                __libc_fini_array
 .text.fputc    0x1000fc28       0x58 /usr/lib/gcc/arm-none-eabi/13.2.0/../../../../arm-none-eabi/lib/thumb/v6-m/nofp/libc.a(lib_a-fputc.o)
                0x1000fc28                fputc
 .text._fputs_r
                0x1000fc80       0x88 /usr/lib/gcc/arm-none-eabi/13.2.0/../../../../arm-none-eabi/lib/thumb/v6-m/nofp/libc.a(lib_a-fputs.o)
                0x1000fc80                _fputs_r
 .text.fputs    0x1000fd08       0x18 /usr/lib/gcc/arm-none-eabi/13.2.0/../../../../arm-none-eabi/lib/thumb/v6-m/nofp/libc.a(lib_a-fputs.o)
                0x1000fd08                fputs
 .text.__sfvwrite_r
                0x1000fd20      0x310 /usr/lib/gcc/arm-none-eabi/13.2.0/../../../../arm-none-eabi/lib/thumb/v6-m/nofp/libc.a(lib_a-fvwrite.o)
                0x1000fd20                __sfvwrite_r
 .text._fwrite_r
                0x10010030       0xb0 /usr/lib/gcc/arm-none-eabi/13.2.0/../../../../arm-none-eabi/lib/thumb/v6-m/nofp/libc.a(lib_a-fwrite.o)
                0x10010030                _fwrite_r
 .text.fwrite   0x100100e0       0x20 /usr/lib/gcc/arm-none-eabi/13.2.0/../../../../arm-none-eabi/lib/thumb/v6-m/nofp/libc.a(lib_a-fwrite.o)
                0x100100e0                fwrite
 .text.getenv   0x10010100       0x18 /usr/lib/gcc/arm-none-eabi/13.2.0/../../../../arm-none-eabi/lib/thumb/v6-m/nofp/libc.a(lib_a-getenv.o)
                0x10010100                getenv
 .text._findenv_r
                0x10010118       0x8c /usr/lib/gcc/arm-none-eabi/13.2.0/../../../../arm-none-eabi/lib/thumb/v6-m/nofp/libc.a(lib_a-getenv_r.o)
                0x10010118                _findenv_r
 .text.__retarget_lock_init_recursive
                0x100101a4        0x4 /usr/lib/gcc/arm-none-eabi/13.2.0/../../../../arm-none-eabi/lib/thumb/v6-m/nofp/libc.a(lib_a-lock.o)
                0x100101a4                __retarget_lock_init_recursive
 .text.__retarget_lock_close_recursive
                0x100101a8        0x4 /usr/lib/gcc/arm-none-eabi/13.2.0/../../../../arm-none-eabi/lib/thumb/v6-m/nofp/libc.a(lib_a-lock.o)
                0x100101a8                __retarget_lock_close_recursive
 .text.__retarget_lock_acquire_recursive
                0x100101ac        0x4 /usr/lib/gcc/arm-none-eabi/13.2.0/../../../../arm-none-eabi/lib/thumb/v6-m/nofp/libc.a(lib_a-lock.o)
                0x100101ac                __retarget_lock_acquire_recursive
 .text.__retarget_lock_release_recursive
                0x100101b0        0x4 /usr/lib/gcc/arm-none-eabi/13.2.0/../../../../arm-none-eabi/lib/thumb/v6-m/nofp/libc.a(lib_a-lock.o)
                0x100101b0                __retarget_lock_release_recursive
 .text.malloc   0x100101b4       0x14 /usr/lib/gcc/arm-none-eabi/13.2.0/../../../../arm-none-eabi/lib/thumb/v6-m/nofp/libc.a(lib_a-malloc.o)
                0x100101b4                malloc
 .text.free     0x100101c8       0x14 /usr/lib/gcc/arm-none-eabi/13.2.0/../../../../arm-none-eabi/lib/thumb/v6-m/nofp/libc.a(lib_a-malloc.o)
                0x100101c8                free
 .text._malloc_r
                0x100101dc      0x548 /usr/lib/gcc/arm-none-eabi/13.2.0/../../../../arm-none-eabi/lib/thumb/v6-m/nofp/libc.a(lib_a-mallocr.o)
                0x100101dc                _malloc_r
 .text.__malloc_lock
                0x10010724       0x10 /usr/lib/gcc/arm-none-eabi/13.2.0/../../../../arm-none-eabi/lib/thumb/v6-m/nofp/libc.a(lib_a-mlock.o)
                0x10010724                __malloc_lock
 .text.__malloc_unlock
                0x10010734       0x10 /usr/lib/gcc/arm-none-eabi/13.2.0/../../../../arm-none-eabi/lib/thumb/v6-m/nofp/libc.a(lib_a-mlock.o)
                0x10010734                __malloc_unlock
 .text._putc_r  0x10010744       0x74 /usr/lib/gcc/arm-none-eabi/13.2.0/../../../../arm-none-eabi/lib/thumb/v6-m/nofp/libc.a(lib_a-putc.o)
                0x10010744                _putc_r
 .text.realloc  0x100107b8       0x18 /usr/lib/gcc/arm-none-eabi/13.2.0/../../../../arm-none-eabi/lib/thumb/v6-m/nofp/libc.a(lib_a-realloc.o)
                0x100107b8                realloc
 .text._realloc_r
                0x100107d0      0x350 /usr/lib/gcc/arm-none-eabi/13.2.0/../../../../arm-none-eabi/lib/thumb/v6-m/nofp/libc.a(lib_a-reallocr.o)
                0x100107d0                _realloc_r
 .text._sbrk_r  0x10010b20       0x24 /usr/lib/gcc/arm-none-eabi/13.2.0/../../../../arm-none-eabi/lib/thumb/v6-m/nofp/libc.a(lib_a-sbrkr.o)
                0x10010b20                _sbrk_r
 .text.raise    0x10010b44       0x5c /usr/lib/gcc/arm-none-eabi/13.2.0/../../../../arm-none-eabi/lib/thumb/v6-m/nofp/libc.a(lib_a-signal.o)
                0x10010b44                raise
 .text._kill_r  0x10010ba0       0x28 /usr/lib/gcc/arm-none-eabi/13.2.0/../../../../arm-none-eabi/lib/thumb/v6-m/nofp/libc.a(lib_a-signalr.o)
                0x10010ba0                _kill_r
 .text._getpid_r
                0x10010bc8        0x8 /usr/lib/gcc/arm-none-eabi/13.2.0/../../../../arm-none-eabi/lib/thumb/v6-m/nofp/libc.a(lib_a-signalr.o)
                0x10010bc8                _getpid_r
 .text.strchr   0x10010bd0       0xc4 /usr/lib/gcc/arm-none-eabi/13.2.0/../../../../arm-none-eabi/lib/thumb/v6-m/nofp/libc.a(lib_a-strchr.o)
                0x10010bd0                strchr
 .text          0x10010c94       0x88 /usr/lib/gcc/arm-none-eabi/13.2.0/../../../../arm-none-eabi/lib/thumb/v6-m/nofp/libc.a(lib_a-strcmp.o)
                0x10010c94                strcmp
 .text.strlen   0x10010d1c       0x5c /usr/lib/gcc/arm-none-eabi/13.2.0/../../../../arm-none-eabi/lib/thumb/v6-m/nofp/libc.a(lib_a-strlen-stub.o)
                0x10010d1c                strlen
 .text.strncmp  0x10010d78       0x68 /usr/lib/gcc/arm-none-eabi/13.2.0/../../../../arm-none-eabi/lib/thumb/v6-m/nofp/libc.a(lib_a-strncmp.o)
                0x10010d78                strncmp
 .text._strtoul_l.constprop.0
                0x10010de0      0x144 /usr/lib/gcc/arm-none-eabi/13.2.0/../../../../arm-none-eabi/lib/thumb/v6-m/nofp/libc.a(lib_a-strtoul.o)
 .text.strtoul  0x10010f24       0x18 /usr/lib/gcc/arm-none-eabi/13.2.0/../../../../arm-none-eabi/lib/thumb/v6-m/nofp/libc.a(lib_a-strtoul.o)
                0x10010f24                strtoul
 .text.__swbuf_r
                0x10010f3c       0xc4 /usr/lib/gcc/arm-none-eabi/13.2.0/../../../../arm-none-eabi/lib/thumb/v6-m/nofp/libc.a(lib_a-wbuf.o)
                0x10010f3c                __swbuf_r
 .text.__swsetup_r
                0x10011000       0xd0 /usr/lib/gcc/arm-none-eabi/13.2.0/../../../../arm-none-eabi/lib/thumb/v6-m/nofp/libc.a(lib_a-wsetup.o)
                0x10011000                __swsetup_r
 .text.__register_exitproc
                0x100110d0       0xac /usr/lib/gcc/arm-none-eabi/13.2.0/../../../../arm-none-eabi/lib/thumb/v6-m/nofp/libc.a(lib_a-__atexit.o)
                0x100110d0                __register_exitproc
 .text.startup.register_fini
                0x1001117c       0x18 /usr/lib/gcc/arm-none-eabi/13.2.0/../../../../arm-none-eabi/lib/thumb/v6-m/nofp/libc.a(lib_a-__call_atexit.o)
 .text.__env_lock
                0x10011194       0x10 /usr/lib/gcc/arm-none-eabi/13.2.0/../../../../arm-none-eabi/lib/thumb/v6-m/nofp/libc.a(lib_a-envlock.o)
                0x10011194                __env_lock
 .text.__env_unlock
                0x100111a4       0x10 /usr/lib/gcc/arm-none-eabi/13.2.0/../../../../arm-none-eabi/lib/thumb/v6-m/nofp/libc.a(lib_a-envlock.o)
                0x100111a4                __env_unlock
 .text.__sflush_r
                0x100111b4      0x148 /usr/lib/gcc/arm-none-eabi/13.2.0/../../../../arm-none-eabi/lib/thumb/v6-m/nofp/libc.a(lib_a-fflush.o)
                0x100111b4                __sflush_r
 .text._fflush_r
                0x100112fc       0x6c /usr/lib/gcc/arm-none-eabi/13.2.0/../../../../arm-none-eabi/lib/thumb/v6-m/nofp/libc.a(lib_a-fflush.o)
                0x100112fc                _fflush_r
 .text._cleanup_r
                0x10011368       0x10 /usr/lib/gcc/arm-none-eabi/13.2.0/../../../../arm-none-eabi/lib/thumb/v6-m/nofp/libc.a(lib_a-findfp.o)
                0x10011368                _cleanup_r
 .text.__sinit  0x10011378      0x120 /usr/lib/gcc/arm-none-eabi/13.2.0/../../../../arm-none-eabi/lib/thumb/v6-m/nofp/libc.a(lib_a-findfp.o)
                0x10011378                __sinit
 .text.__sfp_lock_acquire
                0x10011498       0x10 /usr/lib/gcc/arm-none-eabi/13.2.0/../../../../arm-none-eabi/lib/thumb/v6-m/nofp/libc.a(lib_a-findfp.o)
                0x10011498                __sfp_lock_acquire
 .text.__sfp_lock_release
                0x100114a8       0x10 /usr/lib/gcc/arm-none-eabi/13.2.0/../../../../arm-none-eabi/lib/thumb/v6-m/nofp/libc.a(lib_a-findfp.o)
                0x100114a8                __sfp_lock_release
 .text._malloc_trim_r
                0x100114b8       0xa8 /usr/lib/gcc/arm-none-eabi/13.2.0/../../../../arm-none-eabi/lib/thumb/v6-m/nofp/libc.a(lib_a-freer.o)
                0x100114b8                _malloc_trim_r
 .text._free_r  0x10011560      0x1d4 /usr/lib/gcc/arm-none-eabi/13.2.0/../../../../arm-none-eabi/lib/thumb/v6-m/nofp/libc.a(lib_a-freer.o)
                0x10011560                _free_r
 .text._fwalk_reent
                0x10011734       0x48 /usr/lib/gcc/arm-none-eabi/13.2.0/../../../../arm-none-eabi/lib/thumb/v6-m/nofp/libc.a(lib_a-fwalk.o)
                0x10011734                _fwalk_reent
 .text.__smakebuf_r
                0x1001177c       0xe8 /usr/lib/gcc/arm-none-eabi/13.2.0/../../../../arm-none-eabi/lib/thumb/v6-m/nofp/libc.a(lib_a-makebuf.o)
                0x1001177c                __smakebuf_r
 .text._read_r  0x10011864       0x28 /usr/lib/gcc/arm-none-eabi/13.2.0/../../../../arm-none-eabi/lib/thumb/v6-m/nofp/libc.a(lib_a-readr.o)
                0x10011864                _read_r
 .text.__sread  0x1001188c       0x28 /usr/lib/gcc/arm-none-eabi/13.2.0/../../../../arm-none-eabi/lib/thumb/v6-m/nofp/libc.a(lib_a-stdio.o)
                0x1001188c                __sread
 .text.__swrite
                0x100118b4       0x40 /usr/lib/gcc/arm-none-eabi/13.2.0/../../../../arm-none-eabi/lib/thumb/v6-m/nofp/libc.a(lib_a-stdio.o)
                0x100118b4                __swrite
 .text.__sseek  0x100118f4       0x30 /usr/lib/gcc/arm-none-eabi/13.2.0/../../../../arm-none-eabi/lib/thumb/v6-m/nofp/libc.a(lib_a-stdio.o)
                0x100118f4                __sseek
 .text.__sclose
                0x10011924        0xc /usr/lib/gcc/arm-none-eabi/13.2.0/../../../../arm-none-eabi/lib/thumb/v6-m/nofp/libc.a(lib_a-stdio.o)
                0x10011924                __sclose
 .text._write_r
                0x10011930       0x28 /usr/lib/gcc/arm-none-eabi/13.2.0/../../../../arm-none-eabi/lib/thumb/v6-m/nofp/libc.a(lib_a-writer.o)
                0x10011930                _write_r
 .text._close_r
                0x10011958       0x24 /usr/lib/gcc/arm-none-eabi/13.2.0/../../../../arm-none-eabi/lib/thumb/v6-m/nofp/libc.a(lib_a-closer.o)
                0x10011958                _close_r
 .text._fclose_r
                0x1001197c       0xdc /usr/lib/gcc/arm-none-eabi/13.2.0/../../../../arm-none-eabi/lib/thumb/v6-m/nofp/libc.a(lib_a-fclose.o)
                0x1001197c                _fclose_r
 .text._fstat_r
                0x10011a58       0x28 /usr/lib/gcc/arm-none-eabi/13.2.0/../../../../arm-none-eabi/lib/thumb/v6-m/nofp/libc.a(lib_a-fstatr.o)
                0x10011a58                _fstat_r
 .text._isatty_r
                0x10011a80       0x24 /usr/lib/gcc/arm-none-eabi/13.2.0/../../../../arm-none-eabi/lib/thumb/v6-m/nofp/libc.a(lib_a-isattyr.o)
                0x10011a80                _isatty_r
 .text._lseek_r
                0x10011aa4       0x28 /usr/lib/gcc/arm-none-eabi/13.2.0/../../../../arm-none-eabi/lib/thumb/v6-m/nofp/libc.a(lib_a-lseekr.o)
                0x10011aa4                _lseek_r
 *(.fini)
 .fini          0x10011acc        0x4 /usr/lib/gcc/arm-none-eabi/13.2.0/thumb/v6-m/nofp/crti.o
                0x10011acc                _fini
 .fini.__stub   0x10011ad0      0x1b0 linker stubs
 *crtbegin.o(.ctors)
 *crtbegin?.o(.ctors)
 *(EXCLUDE_FILE(*crtend.o *crtend?.o) .ctors)
 *(SORT_BY_NAME(.ctors.*))
 *(.ctors)
 *crtbegin.o(.dtors)
 *crtbegin?.o(.dtors)
 *(EXCLUDE_FILE(*crtend.o *crtend?.o) .dtors)
 *(SORT_BY_NAME(.dtors.*))
 *(.dtors)
 *(.eh_frame*)
 .eh_frame      0x10011c80        0x0 /usr/lib/gcc/arm-none-eabi/13.2.0/thumb/v6-m/nofp/crtbegin.o
                0x10011c80                        . = ALIGN (0x4)

.glue_7         0x10011c80        0x0
 .glue_7        0x10011c80        0x0 linker stubs

.glue_7t        0x10011c80        0x0
 .glue_7t       0x10011c80        0x0 linker stubs

.vfp11_veneer   0x10011c80        0x0
 .vfp11_veneer  0x10011c80        0x0 linker stubs

.v4_bx          0x10011c80        0x0
 .v4_bx         0x10011c80        0x0 linker stubs

.iplt           0x10011c80        0x0
 .iplt          0x10011c80        0x0 /usr/lib/gcc/arm-none-eabi/13.2.0/thumb/v6-m/nofp/crtbegin.o

.rodata         0x10011c80     0x2218
 *(EXCLUDE_FILE(*libm.a: *libc.a:*lib_a-mem*.o *libgcc.a:) .rodata*)
 .rodata._ZNSt6vectorIfSaIfEE17_M_realloc_insertIJRKfEEEvN9__gnu_cxx17__normal_iteratorIPfS1_EEDpOT_.str1.4
                0x10011c80      0xc18 CMakeFiles/main.dir/main.cpp.obj
                                 0x1a (size before relaxing)
 .rodata.main.str1.4
                0x10012898       0x3e CMakeFiles/main.dir/main.cpp.obj
 .rodata._ZTV12StepperMotorIiE
                0x10012898       0x14 CMakeFiles/main.dir/main.cpp.obj
                0x10012898                vtable for StepperMotor<int>
 .rodata._ZTV19ForwardStepperMotor
                0x100128ac       0x14 CMakeFiles/main.dir/main.cpp.obj
                0x100128ac                vtable for ForwardStepperMotor
 .rodata._ZTV20BackwardStepperMotor
                0x100128c0       0x14 CMakeFiles/main.dir/main.cpp.obj
                0x100128c0                vtable for BackwardStepperMotor
 .rodata.spin_lock_claim_unused.str1.4
                0x100128d4       0x1b CMakeFiles/main.dir/home/lkieslich/dev/pico-sdk/src/rp2_common/hardware_sync/sync.c.obj
 .rodata.user_irq_claim_unused.str1.4
                0x100128d4       0x1b CMakeFiles/main.dir/home/lkieslich/dev/pico-sdk/src/rp2_common/hardware_irq/irq.c.obj
 *fill*         0x100128d4        0x4 
 .rodata.at_the_end_of_time
                0x100128d8        0x8 CMakeFiles/main.dir/home/lkieslich/dev/pico-sdk/src/common/pico_time/time.c.obj
                0x100128d8                at_the_end_of_time
 .rodata.hardware_alarm_claim.str1.4
                0x100128e0       0x22 CMakeFiles/main.dir/home/lkieslich/dev/pico-sdk/src/rp2_common/hardware_timer/timer.c.obj
 .rodata.panic.str1.4
                0x100128e0       0x12 CMakeFiles/main.dir/home/lkieslich/dev/pico-sdk/src/rp2_common/pico_runtime/runtime.c.obj
 .rodata.hard_assertion_failure.str1.4
                0x100128e0        0xc CMakeFiles/main.dir/home/lkieslich/dev/pico-sdk/src/rp2_common/pico_runtime/runtime.c.obj
 .rodata._ftoa.str1.4
                0x100128e0       0x15 CMakeFiles/main.dir/home/lkieslich/dev/pico-sdk/src/rp2_common/pico_printf/printf.c.obj
 .rodata._vsnprintf
                0x100128e0      0x19c CMakeFiles/main.dir/home/lkieslich/dev/pico-sdk/src/rp2_common/pico_printf/printf.c.obj
 *fill*         0x10012a7c        0x4 
 .rodata.pow10.0
                0x10012a80       0x50 CMakeFiles/main.dir/home/lkieslich/dev/pico-sdk/src/rp2_common/pico_printf/printf.c.obj
 .rodata.__wrap_malloc.str1.4
                0x10012ad0        0xe CMakeFiles/main.dir/home/lkieslich/dev/pico-sdk/src/rp2_common/pico_malloc/pico_malloc.c.obj
 .rodata.str1.4
                0x10012ad0       0x3c CMakeFiles/main.dir/home/lkieslich/dev/pico-sdk/src/rp2_common/pico_standard_link/binary_info.c.obj
 .rodata.__bi_81
                0x10012ad0        0xc CMakeFiles/main.dir/home/lkieslich/dev/pico-sdk/src/rp2_common/pico_standard_link/binary_info.c.obj
 .rodata.__bi_75
                0x10012adc        0xc CMakeFiles/main.dir/home/lkieslich/dev/pico-sdk/src/rp2_common/pico_standard_link/binary_info.c.obj
 .rodata.__bi_44
                0x10012ae8        0xc CMakeFiles/main.dir/home/lkieslich/dev/pico-sdk/src/rp2_common/pico_standard_link/binary_info.c.obj
 .rodata.crlf_str.0
                0x10012af4        0x2 CMakeFiles/main.dir/home/lkieslich/dev/pico-sdk/src/rp2_common/pico_stdio/stdio.c.obj
 *fill*         0x10012af6        0x2 
 .rodata._resetd_driver
                0x10012af8       0x18 CMakeFiles/main.dir/home/lkieslich/dev/pico-sdk/src/rp2_common/pico_stdio_usb/reset_interface.c.obj
 .rodata.str1.4
                0x10012b10       0x13 CMakeFiles/main.dir/home/lkieslich/dev/pico-sdk/src/rp2_common/pico_stdio_usb/stdio_usb.c.obj
 .rodata.__bi_182.0
                0x10012b10        0xc CMakeFiles/main.dir/home/lkieslich/dev/pico-sdk/src/rp2_common/pico_stdio_usb/stdio_usb.c.obj
 .rodata.str1.4
                0x10012b1c       0x2a CMakeFiles/main.dir/home/lkieslich/dev/pico-sdk/src/rp2_common/pico_stdio_usb/stdio_usb_descriptors.c.obj
 .rodata.usbd_desc_str
                0x10012b1c       0x18 CMakeFiles/main.dir/home/lkieslich/dev/pico-sdk/src/rp2_common/pico_stdio_usb/stdio_usb_descriptors.c.obj
 .rodata.usbd_desc_cfg
                0x10012b34       0x54 CMakeFiles/main.dir/home/lkieslich/dev/pico-sdk/src/rp2_common/pico_stdio_usb/stdio_usb_descriptors.c.obj
 .rodata.usbd_desc_device
                0x10012b88       0x12 CMakeFiles/main.dir/home/lkieslich/dev/pico-sdk/src/rp2_common/pico_stdio_usb/stdio_usb_descriptors.c.obj
 .rodata.str1.4
                0x10012b9a       0x14 CMakeFiles/main.dir/home/lkieslich/dev/pico-sdk/lib/tinyusb/src/portable/raspberrypi/rp2040/dcd_rp2040.c.obj
 .rodata.str1.4
                0x10012b9a       0x53 CMakeFiles/main.dir/home/lkieslich/dev/pico-sdk/lib/tinyusb/src/portable/raspberrypi/rp2040/rp2040_usb.c.obj
 *fill*         0x10012b9a        0x2 
 .rodata.tud_task_ext
                0x10012b9c       0x8c CMakeFiles/main.dir/home/lkieslich/dev/pico-sdk/lib/tinyusb/src/device/usbd.c.obj
 .rodata._usbd_driver
                0x10012c28       0x18 CMakeFiles/main.dir/home/lkieslich/dev/pico-sdk/lib/tinyusb/src/device/usbd.c.obj
 .rodata._GLOBAL__sub_I__ZN9__gnu_cxx9__freeresEv.str1.4
                0x10012c40       0x3c /usr/lib/gcc/arm-none-eabi/13.2.0/../../../../arm-none-eabi/lib/thumb/v6-m/nofp/libstdc++.a(eh_alloc.o)
 .rodata._ZNKSt13bad_exception4whatEv.str1.4
                0x10012c40       0x13 /usr/lib/gcc/arm-none-eabi/13.2.0/../../../../arm-none-eabi/lib/thumb/v6-m/nofp/libstdc++.a(eh_exception.o)
 .rodata._ZTSSt9exception
                0x10012c40        0xd /usr/lib/gcc/arm-none-eabi/13.2.0/../../../../arm-none-eabi/lib/thumb/v6-m/nofp/libstdc++.a(eh_exception.o)
                0x10012c40                typeinfo name for std::exception
 *fill*         0x10012c4d        0x3 
 .rodata._ZTISt9exception
                0x10012c50        0x8 /usr/lib/gcc/arm-none-eabi/13.2.0/../../../../arm-none-eabi/lib/thumb/v6-m/nofp/libstdc++.a(eh_exception.o)
                0x10012c50                typeinfo for std::exception
 .rodata._ZTSSt13bad_exception
                0x10012c58       0x12 /usr/lib/gcc/arm-none-eabi/13.2.0/../../../../arm-none-eabi/lib/thumb/v6-m/nofp/libstdc++.a(eh_exception.o)
                0x10012c58                typeinfo name for std::bad_exception
 *fill*         0x10012c6a        0x2 
 .rodata._ZTISt13bad_exception
                0x10012c6c        0xc /usr/lib/gcc/arm-none-eabi/13.2.0/../../../../arm-none-eabi/lib/thumb/v6-m/nofp/libstdc++.a(eh_exception.o)
                0x10012c6c                typeinfo for std::bad_exception
 .rodata._ZTSN10__cxxabiv115__forced_unwindE
                0x10012c78       0x20 /usr/lib/gcc/arm-none-eabi/13.2.0/../../../../arm-none-eabi/lib/thumb/v6-m/nofp/libstdc++.a(eh_exception.o)
                0x10012c78                typeinfo name for __cxxabiv1::__forced_unwind
 .rodata._ZTIN10__cxxabiv115__forced_unwindE
                0x10012c98        0x8 /usr/lib/gcc/arm-none-eabi/13.2.0/../../../../arm-none-eabi/lib/thumb/v6-m/nofp/libstdc++.a(eh_exception.o)
                0x10012c98                typeinfo for __cxxabiv1::__forced_unwind
 .rodata._ZTSN10__cxxabiv119__foreign_exceptionE
                0x10012ca0       0x24 /usr/lib/gcc/arm-none-eabi/13.2.0/../../../../arm-none-eabi/lib/thumb/v6-m/nofp/libstdc++.a(eh_exception.o)
                0x10012ca0                typeinfo name for __cxxabiv1::__foreign_exception
 .rodata._ZTIN10__cxxabiv119__foreign_exceptionE
                0x10012cc4        0x8 /usr/lib/gcc/arm-none-eabi/13.2.0/../../../../arm-none-eabi/lib/thumb/v6-m/nofp/libstdc++.a(eh_exception.o)
                0x10012cc4                typeinfo for __cxxabiv1::__foreign_exception
 .rodata._ZTVSt13bad_exception
                0x10012ccc       0x14 /usr/lib/gcc/arm-none-eabi/13.2.0/../../../../arm-none-eabi/lib/thumb/v6-m/nofp/libstdc++.a(eh_exception.o)
                0x10012ccc                vtable for std::bad_exception
 .rodata._ZL28read_encoded_value_with_basehjPKhPj
                0x10012ce0       0x34 /usr/lib/gcc/arm-none-eabi/13.2.0/../../../../arm-none-eabi/lib/thumb/v6-m/nofp/libstdc++.a(eh_personality.o)
 .rodata._ZTSN10__cxxabiv120__si_class_type_infoE
                0x10012d14       0x25 /usr/lib/gcc/arm-none-eabi/13.2.0/../../../../arm-none-eabi/lib/thumb/v6-m/nofp/libstdc++.a(si_class_type_info.o)
                0x10012d14                typeinfo name for __cxxabiv1::__si_class_type_info
 *fill*         0x10012d39        0x3 
 .rodata._ZTIN10__cxxabiv120__si_class_type_infoE
                0x10012d3c        0xc /usr/lib/gcc/arm-none-eabi/13.2.0/../../../../arm-none-eabi/lib/thumb/v6-m/nofp/libstdc++.a(si_class_type_info.o)
                0x10012d3c                typeinfo for __cxxabiv1::__si_class_type_info
 .rodata._ZTVN10__cxxabiv120__si_class_type_infoE
                0x10012d48       0x2c /usr/lib/gcc/arm-none-eabi/13.2.0/../../../../arm-none-eabi/lib/thumb/v6-m/nofp/libstdc++.a(si_class_type_info.o)
                0x10012d48                vtable for __cxxabiv1::__si_class_type_info
 .rodata._ZTSSt9type_info
                0x10012d74        0xd /usr/lib/gcc/arm-none-eabi/13.2.0/../../../../arm-none-eabi/lib/thumb/v6-m/nofp/libstdc++.a(tinfo.o)
                0x10012d74                typeinfo name for std::type_info
 *fill*         0x10012d81        0x3 
 .rodata._ZTISt9type_info
                0x10012d84        0x8 /usr/lib/gcc/arm-none-eabi/13.2.0/../../../../arm-none-eabi/lib/thumb/v6-m/nofp/libstdc++.a(tinfo.o)
                0x10012d84                typeinfo for std::type_info
 .rodata._ZN9__gnu_cxx27__verbose_terminate_handlerEv.str1.4
                0x10012d8c       0x94 /usr/lib/gcc/arm-none-eabi/13.2.0/../../../../arm-none-eabi/lib/thumb/v6-m/nofp/libstdc++.a(vterminate.o)
 .rodata._ZTSSt11logic_error
                0x10012d8c       0x10 /usr/lib/gcc/arm-none-eabi/13.2.0/../../../../arm-none-eabi/lib/thumb/v6-m/nofp/libstdc++.a(stdexcept.o)
                0x10012d8c                typeinfo name for std::logic_error
 .rodata._ZTISt11logic_error
                0x10012d9c        0xc /usr/lib/gcc/arm-none-eabi/13.2.0/../../../../arm-none-eabi/lib/thumb/v6-m/nofp/libstdc++.a(stdexcept.o)
                0x10012d9c                typeinfo for std::logic_error
 .rodata._ZTSSt12length_error